Archive member included to satisfy reference by file (symbol)

c:/st/stm32cubeide_1.12.1/stm32cubeide/plugins/com.st.stm32cube.ide.mcu.externaltools.gnu-tools-for-stm32.10.3-2021.10.win32_1.0.200.202301161003/tools/bin/../lib/gcc/arm-none-eabi/10.3.1/../../../../arm-none-eabi/lib/thumb/v7e-m+fp/hard\libc_nano.a(lib_a-errno.o)
                              ./Core/Src/syscalls.o (__errno)
c:/st/stm32cubeide_1.12.1/stm32cubeide/plugins/com.st.stm32cube.ide.mcu.externaltools.gnu-tools-for-stm32.10.3-2021.10.win32_1.0.200.202301161003/tools/bin/../lib/gcc/arm-none-eabi/10.3.1/../../../../arm-none-eabi/lib/thumb/v7e-m+fp/hard\libc_nano.a(lib_a-exit.o)
                              c:/st/stm32cubeide_1.12.1/stm32cubeide/plugins/com.st.stm32cube.ide.mcu.externaltools.gnu-tools-for-stm32.10.3-2021.10.win32_1.0.200.202301161003/tools/bin/../lib/gcc/arm-none-eabi/10.3.1/../../../../arm-none-eabi/lib/thumb/v7e-m+fp/hard/crt0.o (exit)
c:/st/stm32cubeide_1.12.1/stm32cubeide/plugins/com.st.stm32cube.ide.mcu.externaltools.gnu-tools-for-stm32.10.3-2021.10.win32_1.0.200.202301161003/tools/bin/../lib/gcc/arm-none-eabi/10.3.1/../../../../arm-none-eabi/lib/thumb/v7e-m+fp/hard\libc_nano.a(lib_a-impure.o)
                              c:/st/stm32cubeide_1.12.1/stm32cubeide/plugins/com.st.stm32cube.ide.mcu.externaltools.gnu-tools-for-stm32.10.3-2021.10.win32_1.0.200.202301161003/tools/bin/../lib/gcc/arm-none-eabi/10.3.1/../../../../arm-none-eabi/lib/thumb/v7e-m+fp/hard\libc_nano.a(lib_a-exit.o) (_global_impure_ptr)
c:/st/stm32cubeide_1.12.1/stm32cubeide/plugins/com.st.stm32cube.ide.mcu.externaltools.gnu-tools-for-stm32.10.3-2021.10.win32_1.0.200.202301161003/tools/bin/../lib/gcc/arm-none-eabi/10.3.1/../../../../arm-none-eabi/lib/thumb/v7e-m+fp/hard\libc_nano.a(lib_a-init.o)
                              c:/st/stm32cubeide_1.12.1/stm32cubeide/plugins/com.st.stm32cube.ide.mcu.externaltools.gnu-tools-for-stm32.10.3-2021.10.win32_1.0.200.202301161003/tools/bin/../lib/gcc/arm-none-eabi/10.3.1/../../../../arm-none-eabi/lib/thumb/v7e-m+fp/hard/crt0.o (__libc_init_array)
c:/st/stm32cubeide_1.12.1/stm32cubeide/plugins/com.st.stm32cube.ide.mcu.externaltools.gnu-tools-for-stm32.10.3-2021.10.win32_1.0.200.202301161003/tools/bin/../lib/gcc/arm-none-eabi/10.3.1/../../../../arm-none-eabi/lib/thumb/v7e-m+fp/hard\libc_nano.a(lib_a-memset.o)
                              c:/st/stm32cubeide_1.12.1/stm32cubeide/plugins/com.st.stm32cube.ide.mcu.externaltools.gnu-tools-for-stm32.10.3-2021.10.win32_1.0.200.202301161003/tools/bin/../lib/gcc/arm-none-eabi/10.3.1/../../../../arm-none-eabi/lib/thumb/v7e-m+fp/hard/crt0.o (memset)
c:/st/stm32cubeide_1.12.1/stm32cubeide/plugins/com.st.stm32cube.ide.mcu.externaltools.gnu-tools-for-stm32.10.3-2021.10.win32_1.0.200.202301161003/tools/bin/../lib/gcc/arm-none-eabi/10.3.1/../../../../arm-none-eabi/lib/thumb/v7e-m+fp/hard\libc_nano.a(lib_a-strlen.o)
                              ./Drivers/OLED/fonts.o (strlen)
c:/st/stm32cubeide_1.12.1/stm32cubeide/plugins/com.st.stm32cube.ide.mcu.externaltools.gnu-tools-for-stm32.10.3-2021.10.win32_1.0.200.202301161003/tools/bin/../lib/gcc/arm-none-eabi/10.3.1/thumb/v7e-m+fp/hard\libgcc.a(_aeabi_uldivmod.o)
                              ./Drivers/STM32F4xx_HAL_Driver/Src/stm32f4xx_hal_rcc.o (__aeabi_uldivmod)
c:/st/stm32cubeide_1.12.1/stm32cubeide/plugins/com.st.stm32cube.ide.mcu.externaltools.gnu-tools-for-stm32.10.3-2021.10.win32_1.0.200.202301161003/tools/bin/../lib/gcc/arm-none-eabi/10.3.1/thumb/v7e-m+fp/hard\libgcc.a(_udivmoddi4.o)
                              c:/st/stm32cubeide_1.12.1/stm32cubeide/plugins/com.st.stm32cube.ide.mcu.externaltools.gnu-tools-for-stm32.10.3-2021.10.win32_1.0.200.202301161003/tools/bin/../lib/gcc/arm-none-eabi/10.3.1/thumb/v7e-m+fp/hard\libgcc.a(_aeabi_uldivmod.o) (__udivmoddi4)
c:/st/stm32cubeide_1.12.1/stm32cubeide/plugins/com.st.stm32cube.ide.mcu.externaltools.gnu-tools-for-stm32.10.3-2021.10.win32_1.0.200.202301161003/tools/bin/../lib/gcc/arm-none-eabi/10.3.1/thumb/v7e-m+fp/hard\libgcc.a(_dvmd_tls.o)
                              c:/st/stm32cubeide_1.12.1/stm32cubeide/plugins/com.st.stm32cube.ide.mcu.externaltools.gnu-tools-for-stm32.10.3-2021.10.win32_1.0.200.202301161003/tools/bin/../lib/gcc/arm-none-eabi/10.3.1/thumb/v7e-m+fp/hard\libgcc.a(_aeabi_uldivmod.o) (__aeabi_ldiv0)

Discarded input sections

 .text          0x0000000000000000        0x0 c:/st/stm32cubeide_1.12.1/stm32cubeide/plugins/com.st.stm32cube.ide.mcu.externaltools.gnu-tools-for-stm32.10.3-2021.10.win32_1.0.200.202301161003/tools/bin/../lib/gcc/arm-none-eabi/10.3.1/thumb/v7e-m+fp/hard/crti.o
 .data          0x0000000000000000        0x0 c:/st/stm32cubeide_1.12.1/stm32cubeide/plugins/com.st.stm32cube.ide.mcu.externaltools.gnu-tools-for-stm32.10.3-2021.10.win32_1.0.200.202301161003/tools/bin/../lib/gcc/arm-none-eabi/10.3.1/thumb/v7e-m+fp/hard/crti.o
[...]
Memory Configuration

Name             Origin             Length             Attributes
RAM              0x0000000020000000 0x0000000000010000 xrw
FLASH            0x0000000008000000 0x0000000000040000 xr
*default*        0x0000000000000000 0xffffffffffffffff

Linker script and memory map

LOAD c:/st/stm32cubeide_1.12.1/stm32cubeide/plugins/com.st.stm32cube.ide.mcu.externaltools.gnu-tools-for-stm32.10.3-2021.10.win32_1.0.200.202301161003/tools/bin/../lib/gcc/arm-none-eabi/10.3.1/thumb/v7e-m+fp/hard/crti.o
LOAD c:/st/stm32cubeide_1.12.1/stm32cubeide/plugins/com.st.stm32cube.ide.mcu.externaltools.gnu-tools-for-stm32.10.3-2021.10.win32_1.0.200.202301161003/tools/bin/../lib/gcc/arm-none-eabi/10.3.1/thumb/v7e-m+fp/hard/crtbegin.o
LOAD c:/st/stm32cubeide_1.12.1/stm32cubeide/plugins/com.st.stm32cube.ide.mcu.externaltools.gnu-tools-for-stm32.10.3-2021.10.win32_1.0.200.202301161003/tools/bin/../lib/gcc/arm-none-eabi/10.3.1/../../../../arm-none-eabi/lib/thumb/v7e-m+fp/hard/crt0.o
LOAD ./Core/Src/main.o
LOAD ./Core/Src/stm32f4xx_hal_msp.o
LOAD ./Core/Src/stm32f4xx_it.o
LOAD ./Core/Src/syscalls.o
LOAD ./Core/Src/sysmem.o
LOAD ./Core/Src/system_stm32f4xx.o
LOAD ./Core/Startup/startup_stm32f401ccux.o
LOAD ./Drivers/OLED/delay.o
LOAD ./Drivers/OLED/fonts.o
LOAD ./Drivers/OLED/i2c.o
LOAD ./Drivers/OLED/oled.o
LOAD ./Drivers/OLED/test.o
LOAD ./Drivers/STM32F4xx_HAL_Driver/Src/stm32f4xx_hal.o
LOAD ./Drivers/STM32F4xx_HAL_Driver/Src/stm32f4xx_hal_cortex.o
LOAD ./Drivers/STM32F4xx_HAL_Driver/Src/stm32f4xx_hal_dma.o
LOAD ./Drivers/STM32F4xx_HAL_Driver/Src/stm32f4xx_hal_dma_ex.o
LOAD ./Drivers/STM32F4xx_HAL_Driver/Src/stm32f4xx_hal_exti.o
LOAD ./Drivers/STM32F4xx_HAL_Driver/Src/stm32f4xx_hal_flash.o
LOAD ./Drivers/STM32F4xx_HAL_Driver/Src/stm32f4xx_hal_flash_ex.o
LOAD ./Drivers/STM32F4xx_HAL_Driver/Src/stm32f4xx_hal_flash_ramfunc.o
LOAD ./Drivers/STM32F4xx_HAL_Driver/Src/stm32f4xx_hal_gpio.o
LOAD ./Drivers/STM32F4xx_HAL_Driver/Src/stm32f4xx_hal_i2c.o
LOAD ./Drivers/STM32F4xx_HAL_Driver/Src/stm32f4xx_hal_i2c_ex.o
LOAD ./Drivers/STM32F4xx_HAL_Driver/Src/stm32f4xx_hal_pwr.o
LOAD ./Drivers/STM32F4xx_HAL_Driver/Src/stm32f4xx_hal_pwr_ex.o
LOAD ./Drivers/STM32F4xx_HAL_Driver/Src/stm32f4xx_hal_rcc.o
LOAD ./Drivers/STM32F4xx_HAL_Driver/Src/stm32f4xx_hal_rcc_ex.o
LOAD ./Drivers/STM32F4xx_HAL_Driver/Src/stm32f4xx_hal_tim.o
LOAD ./Drivers/STM32F4xx_HAL_Driver/Src/stm32f4xx_hal_tim_ex.o
START GROUP
LOAD c:/st/stm32cubeide_1.12.1/stm32cubeide/plugins/com.st.stm32cube.ide.mcu.externaltools.gnu-tools-for-stm32.10.3-2021.10.win32_1.0.200.202301161003/tools/bin/../lib/gcc/arm-none-eabi/10.3.1/../../../../arm-none-eabi/lib/thumb/v7e-m+fp/hard\libc_nano.a
LOAD c:/st/stm32cubeide_1.12.1/stm32cubeide/plugins/com.st.stm32cube.ide.mcu.externaltools.gnu-tools-for-stm32.10.3-2021.10.win32_1.0.200.202301161003/tools/bin/../lib/gcc/arm-none-eabi/10.3.1/../../../../arm-none-eabi/lib/thumb/v7e-m+fp/hard\libm.a
END GROUP
START GROUP
LOAD c:/st/stm32cubeide_1.12.1/stm32cubeide/plugins/com.st.stm32cube.ide.mcu.externaltools.gnu-tools-for-stm32.10.3-2021.10.win32_1.0.200.202301161003/tools/bin/../lib/gcc/arm-none-eabi/10.3.1/thumb/v7e-m+fp/hard\libgcc.a
LOAD c:/st/stm32cubeide_1.12.1/stm32cubeide/plugins/com.st.stm32cube.ide.mcu.externaltools.gnu-tools-for-stm32.10.3-2021.10.win32_1.0.200.202301161003/tools/bin/../lib/gcc/arm-none-eabi/10.3.1/../../../../arm-none-eabi/lib/thumb/v7e-m+fp/hard\libc_nano.a
END GROUP
START GROUP
LOAD c:/st/stm32cubeide_1.12.1/stm32cubeide/plugins/com.st.stm32cube.ide.mcu.externaltools.gnu-tools-for-stm32.10.3-2021.10.win32_1.0.200.202301161003/tools/bin/../lib/gcc/arm-none-eabi/10.3.1/thumb/v7e-m+fp/hard\libgcc.a
LOAD c:/st/stm32cubeide_1.12.1/stm32cubeide/plugins/com.st.stm32cube.ide.mcu.externaltools.gnu-tools-for-stm32.10.3-2021.10.win32_1.0.200.202301161003/tools/bin/../lib/gcc/arm-none-eabi/10.3.1/../../../../arm-none-eabi/lib/thumb/v7e-m+fp/hard\libc_nano.a
LOAD c:/st/stm32cubeide_1.12.1/stm32cubeide/plugins/com.st.stm32cube.ide.mcu.externaltools.gnu-tools-for-stm32.10.3-2021.10.win32_1.0.200.202301161003/tools/bin/../lib/gcc/arm-none-eabi/10.3.1/../../../../arm-none-eabi/lib/thumb/v7e-m+fp/hard\libnosys.a
END GROUP
START GROUP
LOAD c:/st/stm32cubeide_1.12.1/stm32cubeide/plugins/com.st.stm32cube.ide.mcu.externaltools.gnu-tools-for-stm32.10.3-2021.10.win32_1.0.200.202301161003/tools/bin/../lib/gcc/arm-none-eabi/10.3.1/thumb/v7e-m+fp/hard\libgcc.a
LOAD c:/st/stm32cubeide_1.12.1/stm32cubeide/plugins/com.st.stm32cube.ide.mcu.externaltools.gnu-tools-for-stm32.10.3-2021.10.win32_1.0.200.202301161003/tools/bin/../lib/gcc/arm-none-eabi/10.3.1/../../../../arm-none-eabi/lib/thumb/v7e-m+fp/hard\libc_nano.a
LOAD c:/st/stm32cubeide_1.12.1/stm32cubeide/plugins/com.st.stm32cube.ide.mcu.externaltools.gnu-tools-for-stm32.10.3-2021.10.win32_1.0.200.202301161003/tools/bin/../lib/gcc/arm-none-eabi/10.3.1/../../../../arm-none-eabi/lib/thumb/v7e-m+fp/hard\libnosys.a
END GROUP
LOAD c:/st/stm32cubeide_1.12.1/stm32cubeide/plugins/com.st.stm32cube.ide.mcu.externaltools.gnu-tools-for-stm32.10.3-2021.10.win32_1.0.200.202301161003/tools/bin/../lib/gcc/arm-none-eabi/10.3.1/thumb/v7e-m+fp/hard/crtend.o
LOAD c:/st/stm32cubeide_1.12.1/stm32cubeide/plugins/com.st.stm32cube.ide.mcu.externaltools.gnu-tools-for-stm32.10.3-2021.10.win32_1.0.200.202301161003/tools/bin/../lib/gcc/arm-none-eabi/10.3.1/thumb/v7e-m+fp/hard/crtn.o
                0x0000000020010000                _estack = (ORIGIN (RAM) + LENGTH (RAM))
                0x0000000000000200                _Min_Heap_Size = 0x200
                0x0000000000000400                _Min_Stack_Size = 0x400

.isr_vector     0x0000000008000000      0x194
                0x0000000008000000                . = ALIGN (0x4)
 *(.isr_vector)
 .isr_vector    0x0000000008000000      0x194 ./Core/Startup/startup_stm32f401ccux.o
                0x0000000008000000                g_pfnVectors
                0x0000000008000194                . = ALIGN (0x4)

.text           0x0000000008000194     0x2010
                0x0000000008000194                . = ALIGN (0x4)
 *(.text)
 .text          0x0000000008000194       0x40 c:/st/stm32cubeide_1.12.1/stm32cubeide/plugins/com.st.stm32cube.ide.mcu.externaltools.gnu-tools-for-stm32.10.3-2021.10.win32_1.0.200.202301161003/tools/bin/../lib/gcc/arm-none-eabi/10.3.1/thumb/v7e-m+fp/hard/crtbegin.o
 .text          0x00000000080001d4       0x30 c:/st/stm32cubeide_1.12.1/stm32cubeide/plugins/com.st.stm32cube.ide.mcu.externaltools.gnu-tools-for-stm32.10.3-2021.10.win32_1.0.200.202301161003/tools/bin/../lib/gcc/arm-none-eabi/10.3.1/thumb/v7e-m+fp/hard\libgcc.a(_aeabi_uldivmod.o)
                0x00000000080001d4                __aeabi_uldivmod
 .text          0x0000000008000204      0x2d0 c:/st/stm32cubeide_1.12.1/stm32cubeide/plugins/com.st.stm32cube.ide.mcu.externaltools.gnu-tools-for-stm32.10.3-2021.10.win32_1.0.200.202301161003/tools/bin/../lib/gcc/arm-none-eabi/10.3.1/thumb/v7e-m+fp/hard\libgcc.a(_udivmoddi4.o)
                0x0000000008000204                __udivmoddi4
 .text          0x00000000080004d4        0x4 c:/st/stm32cubeide_1.12.1/stm32cubeide/plugins/com.st.stm32cube.ide.mcu.externaltools.gnu-tools-for-stm32.10.3-2021.10.win32_1.0.200.202301161003/tools/bin/../lib/gcc/arm-none-eabi/10.3.1/thumb/v7e-m+fp/hard\libgcc.a(_dvmd_tls.o)
                0x00000000080004d4                __aeabi_idiv0
                0x00000000080004d4                __aeabi_ldiv0
 *(.text*)
 .text.main     0x00000000080004d8       0x80 ./Core/Src/main.o
                0x00000000080004d8                main
 .text.SystemClock_Config
                0x0000000008000558       0xc0 ./Core/Src/main.o
                0x0000000008000558                SystemClock_Config
 .text.MX_I2C1_Init
                0x0000000008000618       0x5c ./Core/Src/main.o
 .text.MX_GPIO_Init
                0x0000000008000674       0xa0 ./Core/Src/main.o
 .text.Error_Handler
                0x0000000008000714        0xa ./Core/Src/main.o
                0x0000000008000714                Error_Handler
 *fill*         0x000000000800071e        0x2 
 .text.HAL_MspInit
                0x0000000008000720       0x50 ./Core/Src/stm32f4xx_hal_msp.o
                0x0000000008000720                HAL_MspInit
 .text.HAL_I2C_MspInit
                0x0000000008000770       0x90 ./Core/Src/stm32f4xx_hal_msp.o
                0x0000000008000770                HAL_I2C_MspInit
 .text.NMI_Handler
                0x0000000008000800        0x6 ./Core/Src/stm32f4xx_it.o
                0x0000000008000800                NMI_Handler
 .text.HardFault_Handler
                0x0000000008000806        0x6 ./Core/Src/stm32f4xx_it.o
                0x0000000008000806                HardFault_Handler
 .text.MemManage_Handler
                0x000000000800080c        0x6 ./Core/Src/stm32f4xx_it.o
                0x000000000800080c                MemManage_Handler
 .text.BusFault_Handler
                0x0000000008000812        0x6 ./Core/Src/stm32f4xx_it.o
                0x0000000008000812                BusFault_Handler
 .text.UsageFault_Handler
                0x0000000008000818        0x6 ./Core/Src/stm32f4xx_it.o
                0x0000000008000818                UsageFault_Handler
 .text.SVC_Handler
                0x000000000800081e        0xe ./Core/Src/stm32f4xx_it.o
                0x000000000800081e                SVC_Handler
 .text.DebugMon_Handler
                0x000000000800082c        0xe ./Core/Src/stm32f4xx_it.o
                0x000000000800082c                DebugMon_Handler
 .text.PendSV_Handler
                0x000000000800083a        0xe ./Core/Src/stm32f4xx_it.o
                0x000000000800083a                PendSV_Handler
 .text.SysTick_Handler
                0x0000000008000848        0xc ./Core/Src/stm32f4xx_it.o
                0x0000000008000848                SysTick_Handler
 .text.SystemInit
                0x0000000008000854       0x24 ./Core/Src/system_stm32f4xx.o
                0x0000000008000854                SystemInit
 .text.Reset_Handler
                0x0000000008000878       0x50 ./Core/Startup/startup_stm32f401ccux.o
                0x0000000008000878                Reset_Handler
 .text.Default_Handler
                0x00000000080008c8        0x2 ./Core/Startup/startup_stm32f401ccux.o
                0x00000000080008c8                RTC_Alarm_IRQHandler
                0x00000000080008c8                EXTI2_IRQHandler
                0x00000000080008c8                SPI4_IRQHandler
                0x00000000080008c8                TIM1_CC_IRQHandler
                0x00000000080008c8                DMA2_Stream5_IRQHandler
                0x00000000080008c8                DMA1_Stream5_IRQHandler
                0x00000000080008c8                PVD_IRQHandler
                0x00000000080008c8                SDIO_IRQHandler
                0x00000000080008c8                TAMP_STAMP_IRQHandler
                0x00000000080008c8                EXTI3_IRQHandler
                0x00000000080008c8                TIM1_UP_TIM10_IRQHandler
                0x00000000080008c8                I2C3_ER_IRQHandler
                0x00000000080008c8                EXTI0_IRQHandler
                0x00000000080008c8                I2C2_EV_IRQHandler
                0x00000000080008c8                DMA1_Stream2_IRQHandler
                0x00000000080008c8                FPU_IRQHandler
                0x00000000080008c8                DMA2_Stream2_IRQHandler
                0x00000000080008c8                SPI1_IRQHandler
                0x00000000080008c8                TIM1_BRK_TIM9_IRQHandler
                0x00000000080008c8                DMA2_Stream3_IRQHandler
                0x00000000080008c8                USART6_IRQHandler
                0x00000000080008c8                DMA2_Stream0_IRQHandler
                0x00000000080008c8                TIM4_IRQHandler
                0x00000000080008c8                I2C1_EV_IRQHandler
                0x00000000080008c8                DMA1_Stream6_IRQHandler
                0x00000000080008c8                DMA1_Stream1_IRQHandler
                0x00000000080008c8                TIM3_IRQHandler
                0x00000000080008c8                RCC_IRQHandler
                0x00000000080008c8                Default_Handler
                0x00000000080008c8                EXTI15_10_IRQHandler
                0x00000000080008c8                ADC_IRQHandler
                0x00000000080008c8                DMA1_Stream7_IRQHandler
                0x00000000080008c8                TIM5_IRQHandler
                0x00000000080008c8                DMA2_Stream7_IRQHandler
                0x00000000080008c8                I2C3_EV_IRQHandler
                0x00000000080008c8                EXTI9_5_IRQHandler
                0x00000000080008c8                RTC_WKUP_IRQHandler
                0x00000000080008c8                SPI2_IRQHandler
                0x00000000080008c8                DMA1_Stream0_IRQHandler
                0x00000000080008c8                EXTI4_IRQHandler
                0x00000000080008c8                WWDG_IRQHandler
                0x00000000080008c8                TIM2_IRQHandler
                0x00000000080008c8                OTG_FS_WKUP_IRQHandler
                0x00000000080008c8                TIM1_TRG_COM_TIM11_IRQHandler
                0x00000000080008c8                EXTI1_IRQHandler
                0x00000000080008c8                USART2_IRQHandler
                0x00000000080008c8                I2C2_ER_IRQHandler
                0x00000000080008c8                DMA2_Stream1_IRQHandler
                0x00000000080008c8                FLASH_IRQHandler
                0x00000000080008c8                DMA2_Stream4_IRQHandler
                0x00000000080008c8                USART1_IRQHandler
                0x00000000080008c8                OTG_FS_IRQHandler
                0x00000000080008c8                SPI3_IRQHandler
                0x00000000080008c8                DMA1_Stream4_IRQHandler
                0x00000000080008c8                I2C1_ER_IRQHandler
                0x00000000080008c8                DMA2_Stream6_IRQHandler
                0x00000000080008c8                DMA1_Stream3_IRQHandler
 *fill*         0x00000000080008ca        0x2 
 .text.i2c_init
                0x00000000080008cc       0x98 ./Drivers/OLED/i2c.o
                0x00000000080008cc                i2c_init
 .text.i2c_writeByte
                0x0000000008000964       0xa8 ./Drivers/OLED/i2c.o
                0x0000000008000964                i2c_writeByte
 .text.i2c_WriteMulti
                0x0000000008000a0c       0xc8 ./Drivers/OLED/i2c.o
                0x0000000008000a0c                i2c_WriteMulti
 .text.SSD1306_Init
                0x0000000008000ad4      0x170 ./Drivers/OLED/oled.o
                0x0000000008000ad4                SSD1306_Init
 .text.SSD1306_UpdateScreen
                0x0000000008000c44       0x5c ./Drivers/OLED/oled.o
                0x0000000008000c44                SSD1306_UpdateScreen
 .text.SSD1306_Fill
                0x0000000008000ca0       0x30 ./Drivers/OLED/oled.o
                0x0000000008000ca0                SSD1306_Fill
 .text.SSD1306_DrawPixel
                0x0000000008000cd0       0xc0 ./Drivers/OLED/oled.o
                0x0000000008000cd0                SSD1306_DrawPixel
 .text.SSD1306_GotoXY
                0x0000000008000d90       0x2c ./Drivers/OLED/oled.o
                0x0000000008000d90                SSD1306_GotoXY
 .text.SSD1306_Putc
                0x0000000008000dbc      0x100 ./Drivers/OLED/oled.o
                0x0000000008000dbc                SSD1306_Putc
 .text.SSD1306_Puts
                0x0000000008000ebc       0x4a ./Drivers/OLED/oled.o
                0x0000000008000ebc                SSD1306_Puts
 *fill*         0x0000000008000f06        0x2 
 .text.ssd1306_I2C_Init
                0x0000000008000f08       0x2c ./Drivers/OLED/oled.o
                0x0000000008000f08                ssd1306_I2C_Init
 .text.ssd1306_I2C_WriteMulti
                0x0000000008000f34       0xba ./Drivers/OLED/oled.o
                0x0000000008000f34                ssd1306_I2C_WriteMulti
 *fill*         0x0000000008000fee        0x2 
 .text.HAL_Init
                0x0000000008000ff0       0x44 ./Drivers/STM32F4xx_HAL_Driver/Src/stm32f4xx_hal.o
                0x0000000008000ff0                HAL_Init
 .text.HAL_InitTick
                0x0000000008001034       0x60 ./Drivers/STM32F4xx_HAL_Driver/Src/stm32f4xx_hal.o
                0x0000000008001034                HAL_InitTick
 .text.HAL_IncTick
                0x0000000008001094       0x28 ./Drivers/STM32F4xx_HAL_Driver/Src/stm32f4xx_hal.o
                0x0000000008001094                HAL_IncTick
 .text.HAL_GetTick
                0x00000000080010bc       0x18 ./Drivers/STM32F4xx_HAL_Driver/Src/stm32f4xx_hal.o
                0x00000000080010bc                HAL_GetTick
 .text.HAL_Delay
                0x00000000080010d4       0x48 ./Drivers/STM32F4xx_HAL_Driver/Src/stm32f4xx_hal.o
                0x00000000080010d4                HAL_Delay
 .text.__NVIC_SetPriorityGrouping
                0x000000000800111c       0x48 ./Drivers/STM32F4xx_HAL_Driver/Src/stm32f4xx_hal_cortex.o
 .text.__NVIC_GetPriorityGrouping
                0x0000000008001164       0x1c ./Drivers/STM32F4xx_HAL_Driver/Src/stm32f4xx_hal_cortex.o
 .text.__NVIC_SetPriority
                0x0000000008001180       0x54 ./Drivers/STM32F4xx_HAL_Driver/Src/stm32f4xx_hal_cortex.o
 .text.NVIC_EncodePriority
                0x00000000080011d4       0x66 ./Drivers/STM32F4xx_HAL_Driver/Src/stm32f4xx_hal_cortex.o
 *fill*         0x000000000800123a        0x2 
 .text.SysTick_Config
                0x000000000800123c       0x44 ./Drivers/STM32F4xx_HAL_Driver/Src/stm32f4xx_hal_cortex.o
 .text.HAL_NVIC_SetPriorityGrouping
                0x0000000008001280       0x16 ./Drivers/STM32F4xx_HAL_Driver/Src/stm32f4xx_hal_cortex.o
                0x0000000008001280                HAL_NVIC_SetPriorityGrouping
 .text.HAL_NVIC_SetPriority
                0x0000000008001296       0x38 ./Drivers/STM32F4xx_HAL_Driver/Src/stm32f4xx_hal_cortex.o
                0x0000000008001296                HAL_NVIC_SetPriority
 .text.HAL_SYSTICK_Config
                0x00000000080012ce       0x18 ./Drivers/STM32F4xx_HAL_Driver/Src/stm32f4xx_hal_cortex.o
                0x00000000080012ce                HAL_SYSTICK_Config
 *fill*         0x00000000080012e6        0x2 
 .text.HAL_GPIO_Init
                0x00000000080012e8      0x308 ./Drivers/STM32F4xx_HAL_Driver/Src/stm32f4xx_hal_gpio.o
                0x00000000080012e8                HAL_GPIO_Init
 .text.HAL_GPIO_WritePin
                0x00000000080015f0       0x32 ./Drivers/STM32F4xx_HAL_Driver/Src/stm32f4xx_hal_gpio.o
                0x00000000080015f0                HAL_GPIO_WritePin
 *fill*         0x0000000008001622        0x2 
 .text.HAL_I2C_Init
                0x0000000008001624      0x288 ./Drivers/STM32F4xx_HAL_Driver/Src/stm32f4xx_hal_i2c.o
                0x0000000008001624                HAL_I2C_Init
 .text.HAL_RCC_OscConfig
                0x00000000080018ac      0x4f0 ./Drivers/STM32F4xx_HAL_Driver/Src/stm32f4xx_hal_rcc.o
                0x00000000080018ac                HAL_RCC_OscConfig
 .text.HAL_RCC_ClockConfig
                0x0000000008001d9c      0x1cc ./Drivers/STM32F4xx_HAL_Driver/Src/stm32f4xx_hal_rcc.o
                0x0000000008001d9c                HAL_RCC_ClockConfig
 .text.HAL_RCC_GetSysClockFreq
                0x0000000008001f68      0x18c ./Drivers/STM32F4xx_HAL_Driver/Src/stm32f4xx_hal_rcc.o
                0x0000000008001f68                HAL_RCC_GetSysClockFreq
 .text.HAL_RCC_GetHCLKFreq
                0x00000000080020f4       0x18 ./Drivers/STM32F4xx_HAL_Driver/Src/stm32f4xx_hal_rcc.o
                0x00000000080020f4                HAL_RCC_GetHCLKFreq
 .text.HAL_RCC_GetPCLK1Freq
                0x000000000800210c       0x28 ./Drivers/STM32F4xx_HAL_Driver/Src/stm32f4xx_hal_rcc.o
                0x000000000800210c                HAL_RCC_GetPCLK1Freq
 .text.__libc_init_array
                0x0000000008002134       0x48 c:/st/stm32cubeide_1.12.1/stm32cubeide/plugins/com.st.stm32cube.ide.mcu.externaltools.gnu-tools-for-stm32.10.3-2021.10.win32_1.0.200.202301161003/tools/bin/../lib/gcc/arm-none-eabi/10.3.1/../../../../arm-none-eabi/lib/thumb/v7e-m+fp/hard\libc_nano.a(lib_a-init.o)
                0x0000000008002134                __libc_init_array
 .text.memset   0x000000000800217c       0x10 c:/st/stm32cubeide_1.12.1/stm32cubeide/plugins/com.st.stm32cube.ide.mcu.externaltools.gnu-tools-for-stm32.10.3-2021.10.win32_1.0.200.202301161003/tools/bin/../lib/gcc/arm-none-eabi/10.3.1/../../../../arm-none-eabi/lib/thumb/v7e-m+fp/hard\libc_nano.a(lib_a-memset.o)
                0x000000000800217c                memset
 *(.glue_7)
 .glue_7        0x000000000800218c        0x0 linker stubs
 *(.glue_7t)
 .glue_7t       0x000000000800218c        0x0 linker stubs
 *(.eh_frame)
 .eh_frame      0x000000000800218c        0x0 c:/st/stm32cubeide_1.12.1/stm32cubeide/plugins/com.st.stm32cube.ide.mcu.externaltools.gnu-tools-for-stm32.10.3-2021.10.win32_1.0.200.202301161003/tools/bin/../lib/gcc/arm-none-eabi/10.3.1/thumb/v7e-m+fp/hard/crtbegin.o
 *(.init)
 .init          0x000000000800218c        0x4 c:/st/stm32cubeide_1.12.1/stm32cubeide/plugins/com.st.stm32cube.ide.mcu.externaltools.gnu-tools-for-stm32.10.3-2021.10.win32_1.0.200.202301161003/tools/bin/../lib/gcc/arm-none-eabi/10.3.1/thumb/v7e-m+fp/hard/crti.o
                0x000000000800218c                _init
 .init          0x0000000008002190        0x8 c:/st/stm32cubeide_1.12.1/stm32cubeide/plugins/com.st.stm32cube.ide.mcu.externaltools.gnu-tools-for-stm32.10.3-2021.10.win32_1.0.200.202301161003/tools/bin/../lib/gcc/arm-none-eabi/10.3.1/thumb/v7e-m+fp/hard/crtn.o
 *(.fini)
 .fini          0x0000000008002198        0x4 c:/st/stm32cubeide_1.12.1/stm32cubeide/plugins/com.st.stm32cube.ide.mcu.externaltools.gnu-tools-for-stm32.10.3-2021.10.win32_1.0.200.202301161003/tools/bin/../lib/gcc/arm-none-eabi/10.3.1/thumb/v7e-m+fp/hard/crti.o
                0x0000000008002198                _fini
 .fini          0x000000000800219c        0x8 c:/st/stm32cubeide_1.12.1/stm32cubeide/plugins/com.st.stm32cube.ide.mcu.externaltools.gnu-tools-for-stm32.10.3-2021.10.win32_1.0.200.202301161003/tools/bin/../lib/gcc/arm-none-eabi/10.3.1/thumb/v7e-m+fp/hard/crtn.o
                0x00000000080021a4                . = ALIGN (0x4)
                0x00000000080021a4                _etext = .

.vfp11_veneer   0x00000000080021a4        0x0
 .vfp11_veneer  0x00000000080021a4        0x0 linker stubs

.v4_bx          0x00000000080021a4        0x0
 .v4_bx         0x00000000080021a4        0x0 linker stubs

.iplt           0x00000000080021a4        0x0
 .iplt          0x00000000080021a4        0x0 c:/st/stm32cubeide_1.12.1/stm32cubeide/plugins/com.st.stm32cube.ide.mcu.externaltools.gnu-tools-for-stm32.10.3-2021.10.win32_1.0.200.202301161003/tools/bin/../lib/gcc/arm-none-eabi/10.3.1/thumb/v7e-m+fp/hard/crtbegin.o

.rodata         0x00000000080021a4      0xd88
                0x00000000080021a4                . = ALIGN (0x4)
 *(.rodata)
 .rodata        0x00000000080021a4       0x13 ./Core/Src/main.o
 *(.rodata*)
 *fill*         0x00000000080021b7        0x1 
 .rodata.AHBPrescTable
                0x00000000080021b8       0x10 ./Core/Src/system_stm32f4xx.o
                0x00000000080021b8                AHBPrescTable
 .rodata.APBPrescTable
                0x00000000080021c8        0x8 ./Core/Src/system_stm32f4xx.o
                0x00000000080021c8                APBPrescTable
 .rodata.Font11x18
                0x00000000080021d0      0xd5c ./Drivers/OLED/fonts.o
                0x00000000080021d0                Font11x18
                0x0000000008002f2c                . = ALIGN (0x4)

.ARM.extab      0x0000000008002f2c        0x0
                0x0000000008002f2c                . = ALIGN (0x4)
 *(.ARM.extab* .gnu.linkonce.armextab.*)
                0x0000000008002f2c                . = ALIGN (0x4)

.ARM            0x0000000008002f2c        0x8
                0x0000000008002f2c                . = ALIGN (0x4)
                0x0000000008002f2c                __exidx_start = .
 *(.ARM.exidx*)
 .ARM.exidx     0x0000000008002f2c        0x8 c:/st/stm32cubeide_1.12.1/stm32cubeide/plugins/com.st.stm32cube.ide.mcu.externaltools.gnu-tools-for-stm32.10.3-2021.10.win32_1.0.200.202301161003/tools/bin/../lib/gcc/arm-none-eabi/10.3.1/thumb/v7e-m+fp/hard\libgcc.a(_udivmoddi4.o)
                0x0000000008002f34                __exidx_end = .
                0x0000000008002f34                . = ALIGN (0x4)

.rel.dyn        0x0000000008002f34        0x0
 .rel.iplt      0x0000000008002f34        0x0 c:/st/stm32cubeide_1.12.1/stm32cubeide/plugins/com.st.stm32cube.ide.mcu.externaltools.gnu-tools-for-stm32.10.3-2021.10.win32_1.0.200.202301161003/tools/bin/../lib/gcc/arm-none-eabi/10.3.1/thumb/v7e-m+fp/hard/crtbegin.o

.preinit_array  0x0000000008002f34        0x0
                0x0000000008002f34                . = ALIGN (0x4)
                0x0000000008002f34                PROVIDE (__preinit_array_start = .)
 *(.preinit_array*)
                0x0000000008002f34                PROVIDE (__preinit_array_end = .)
                0x0000000008002f34                . = ALIGN (0x4)

.init_array     0x0000000008002f34        0x4
                0x0000000008002f34                . = ALIGN (0x4)
                0x0000000008002f34                PROVIDE (__init_array_start = .)
 *(SORT_BY_NAME(.init_array.*))
 *(.init_array*)
 .init_array    0x0000000008002f34        0x4 c:/st/stm32cubeide_1.12.1/stm32cubeide/plugins/com.st.stm32cube.ide.mcu.externaltools.gnu-tools-for-stm32.10.3-2021.10.win32_1.0.200.202301161003/tools/bin/../lib/gcc/arm-none-eabi/10.3.1/thumb/v7e-m+fp/hard/crtbegin.o
                0x0000000008002f38                PROVIDE (__init_array_end = .)
                0x0000000008002f38                . = ALIGN (0x4)

.fini_array     0x0000000008002f38        0x4
                0x0000000008002f38                . = ALIGN (0x4)
                [!provide]                        PROVIDE (__fini_array_start = .)
 *(SORT_BY_NAME(.fini_array.*))
 *(.fini_array*)
 .fini_array    0x0000000008002f38        0x4 c:/st/stm32cubeide_1.12.1/stm32cubeide/plugins/com.st.stm32cube.ide.mcu.externaltools.gnu-tools-for-stm32.10.3-2021.10.win32_1.0.200.202301161003/tools/bin/../lib/gcc/arm-none-eabi/10.3.1/thumb/v7e-m+fp/hard/crtbegin.o
                [!provide]                        PROVIDE (__fini_array_end = .)
                0x0000000008002f3c                . = ALIGN (0x4)
                0x0000000008002f3c                _sidata = LOADADDR (.data)

.data           0x0000000020000000       0x14 load address 0x0000000008002f3c
                0x0000000020000000                . = ALIGN (0x4)
                0x0000000020000000                _sdata = .
 *(.data)
 *(.data*)
 .data.SystemCoreClock
                0x0000000020000000        0x4 ./Core/Src/system_stm32f4xx.o
                0x0000000020000000                SystemCoreClock
 .data.Font_11x18
                0x0000000020000004        0x8 ./Drivers/OLED/fonts.o
                0x0000000020000004                Font_11x18
 .data.uwTickPrio
                0x000000002000000c        0x4 ./Drivers/STM32F4xx_HAL_Driver/Src/stm32f4xx_hal.o
                0x000000002000000c                uwTickPrio
 .data.uwTickFreq
                0x0000000020000010        0x1 ./Drivers/STM32F4xx_HAL_Driver/Src/stm32f4xx_hal.o
                0x0000000020000010                uwTickFreq
 *(.RamFunc)
 *(.RamFunc*)
                0x0000000020000014                . = ALIGN (0x4)
 *fill*         0x0000000020000011        0x3 
                0x0000000020000014                _edata = .

.igot.plt       0x0000000020000014        0x0 load address 0x0000000008002f50
 .igot.plt      0x0000000020000014        0x0 c:/st/stm32cubeide_1.12.1/stm32cubeide/plugins/com.st.stm32cube.ide.mcu.externaltools.gnu-tools-for-stm32.10.3-2021.10.win32_1.0.200.202301161003/tools/bin/../lib/gcc/arm-none-eabi/10.3.1/thumb/v7e-m+fp/hard/crtbegin.o
                0x0000000020000014                . = ALIGN (0x4)

.bss            0x0000000020000014      0x47c load address 0x0000000008002f50
                0x0000000020000014                _sbss = .
                0x0000000020000014                __bss_start__ = _sbss
 *(.bss)
 .bss           0x0000000020000014       0x1c c:/st/stm32cubeide_1.12.1/stm32cubeide/plugins/com.st.stm32cube.ide.mcu.externaltools.gnu-tools-for-stm32.10.3-2021.10.win32_1.0.200.202301161003/tools/bin/../lib/gcc/arm-none-eabi/10.3.1/thumb/v7e-m+fp/hard/crtbegin.o
 *(.bss*)
 .bss.hi2c1     0x0000000020000030       0x54 ./Core/Src/main.o
                0x0000000020000030                hi2c1
 .bss.SSD1306_Buffer
                0x0000000020000084      0x400 ./Drivers/OLED/oled.o
 .bss.SSD1306   0x0000000020000484        0x6 ./Drivers/OLED/oled.o
 *fill*         0x000000002000048a        0x2 
 .bss.uwTick    0x000000002000048c        0x4 ./Drivers/STM32F4xx_HAL_Driver/Src/stm32f4xx_hal.o
                0x000000002000048c                uwTick
 *(COMMON)
                0x0000000020000490                . = ALIGN (0x4)
                0x0000000020000490                _ebss = .
                0x0000000020000490                __bss_end__ = _ebss

._user_heap_stack
                0x0000000020000490      0x600 load address 0x0000000008002f50
                0x0000000020000490                . = ALIGN (0x8)
                [!provide]                        PROVIDE (end = .)
                0x0000000020000490                PROVIDE (_end = .)
                0x0000000020000690                . = (. + _Min_Heap_Size)
 *fill*         0x0000000020000490      0x200 
                0x0000000020000a90                . = (. + _Min_Stack_Size)
 *fill*         0x0000000020000690      0x400 
                0x0000000020000a90                . = ALIGN (0x8)

/DISCARD/
 libc.a(*)
 libm.a(*)
 libgcc.a(*)

.ARM.attributes
                0x0000000000000000       0x30
 *(.ARM.attributes)
 .ARM.attributes
                0x0000000000000000       0x1e c:/st/stm32cubeide_1.12.1/stm32cubeide/plugins/com.st.stm32cube.ide.mcu.externaltools.gnu-tools-for-stm32.10.3-2021.10.win32_1.0.200.202301161003/tools/bin/../lib/gcc/arm-none-eabi/10.3.1/thumb/v7e-m+fp/hard/crti.o
 .ARM.attributes
                0x000000000000001e       0x34 c:/st/stm32cubeide_1.12.1/stm32cubeide/plugins/com.st.stm32cube.ide.mcu.externaltools.gnu-tools-for-stm32.10.3-2021.10.win32_1.0.200.202301161003/tools/bin/../lib/gcc/arm-none-eabi/10.3.1/thumb/v7e-m+fp/hard/crtbegin.o
 .ARM.attributes
                0x0000000000000052       0x34 ./Core/Src/main.o
 .ARM.attributes
                0x0000000000000086       0x34 ./Core/Src/stm32f4xx_hal_msp.o
 .ARM.attributes
                0x00000000000000ba       0x34 ./Core/Src/stm32f4xx_it.o
 .ARM.attributes
                0x00000000000000ee       0x34 ./Core/Src/system_stm32f4xx.o
 .ARM.attributes
                0x0000000000000122       0x21 ./Core/Startup/startup_stm32f401ccux.o
 .ARM.attributes
                0x0000000000000143       0x34 ./Drivers/OLED/fonts.o
 .ARM.attributes
                0x0000000000000177       0x34 ./Drivers/OLED/i2c.o
 .ARM.attributes
                0x00000000000001ab       0x34 ./Drivers/OLED/oled.o
 .ARM.attributes
                0x00000000000001df       0x34 ./Drivers/STM32F4xx_HAL_Driver/Src/stm32f4xx_hal.o
 .ARM.attributes
                0x0000000000000213       0x34 ./Drivers/STM32F4xx_HAL_Driver/Src/stm32f4xx_hal_cortex.o
 .ARM.attributes
                0x0000000000000247       0x34 ./Drivers/STM32F4xx_HAL_Driver/Src/stm32f4xx_hal_gpio.o
 .ARM.attributes
                0x000000000000027b       0x34 ./Drivers/STM32F4xx_HAL_Driver/Src/stm32f4xx_hal_i2c.o
 .ARM.attributes
                0x00000000000002af       0x34 ./Drivers/STM32F4xx_HAL_Driver/Src/stm32f4xx_hal_rcc.o
 .ARM.attributes
                0x00000000000002e3       0x34 c:/st/stm32cubeide_1.12.1/stm32cubeide/plugins/com.st.stm32cube.ide.mcu.externaltools.gnu-tools-for-stm32.10.3-2021.10.win32_1.0.200.202301161003/tools/bin/../lib/gcc/arm-none-eabi/10.3.1/../../../../arm-none-eabi/lib/thumb/v7e-m+fp/hard\libc_nano.a(lib_a-init.o)
 .ARM.attributes
                0x0000000000000317       0x34 c:/st/stm32cubeide_1.12.1/stm32cubeide/plugins/com.st.stm32cube.ide.mcu.externaltools.gnu-tools-for-stm32.10.3-2021.10.win32_1.0.200.202301161003/tools/bin/../lib/gcc/arm-none-eabi/10.3.1/../../../../arm-none-eabi/lib/thumb/v7e-m+fp/hard\libc_nano.a(lib_a-memset.o)
 .ARM.attributes
                0x000000000000034b       0x1e c:/st/stm32cubeide_1.12.1/stm32cubeide/plugins/com.st.stm32cube.ide.mcu.externaltools.gnu-tools-for-stm32.10.3-2021.10.win32_1.0.200.202301161003/tools/bin/../lib/gcc/arm-none-eabi/10.3.1/thumb/v7e-m+fp/hard\libgcc.a(_aeabi_uldivmod.o)
 .ARM.attributes
                0x0000000000000369       0x34 c:/st/stm32cubeide_1.12.1/stm32cubeide/plugins/com.st.stm32cube.ide.mcu.externaltools.gnu-tools-for-stm32.10.3-2021.10.win32_1.0.200.202301161003/tools/bin/../lib/gcc/arm-none-eabi/10.3.1/thumb/v7e-m+fp/hard\libgcc.a(_udivmoddi4.o)
 .ARM.attributes
                0x000000000000039d       0x1e c:/st/stm32cubeide_1.12.1/stm32cubeide/plugins/com.st.stm32cube.ide.mcu.externaltools.gnu-tools-for-stm32.10.3-2021.10.win32_1.0.200.202301161003/tools/bin/../lib/gcc/arm-none-eabi/10.3.1/thumb/v7e-m+fp/hard\libgcc.a(_dvmd_tls.o)
 .ARM.attributes
                0x00000000000003bb       0x1e c:/st/stm32cubeide_1.12.1/stm32cubeide/plugins/com.st.stm32cube.ide.mcu.externaltools.gnu-tools-for-stm32.10.3-2021.10.win32_1.0.200.202301161003/tools/bin/../lib/gcc/arm-none-eabi/10.3.1/thumb/v7e-m+fp/hard/crtn.o
OUTPUT(OLED_TRY.elf elf32-littlearm)
LOAD linker stubs
LOAD c:/st/stm32cubeide_1.12.1/stm32cubeide/plugins/com.st.stm32cube.ide.mcu.externaltools.gnu-tools-for-stm32.10.3-2021.10.win32_1.0.200.202301161003/tools/bin/../lib/gcc/arm-none-eabi/10.3.1/../../../../arm-none-eabi/lib/thumb/v7e-m+fp/hard\libc.a
LOAD c:/st/stm32cubeide_1.12.1/stm32cubeide/plugins/com.st.stm32cube.ide.mcu.externaltools.gnu-tools-for-stm32.10.3-2021.10.win32_1.0.200.202301161003/tools/bin/../lib/gcc/arm-none-eabi/10.3.1/../../../../arm-none-eabi/lib/thumb/v7e-m+fp/hard\libm.a
LOAD c:/st/stm32cubeide_1.12.1/stm32cubeide/plugins/com.st.stm32cube.ide.mcu.externaltools.gnu-tools-for-stm32.10.3-2021.10.win32_1.0.200.202301161003/tools/bin/../lib/gcc/arm-none-eabi/10.3.1/thumb/v7e-m+fp/hard\libgcc.a

.debug_info     0x0000000000000000     0x8035
 .debug_info    0x0000000000000000      0xe74 ./Core/Src/main.o
 .debug_info    0x0000000000000e74      0xa0b ./Core/Src/stm32f4xx_hal_msp.o
 .debug_info    0x000000000000187f      0x121 ./Core/Src/stm32f4xx_it.o
 .debug_info    0x00000000000019a0      0x54f ./Core/Src/system_stm32f4xx.o
 .debug_info    0x0000000000001eef       0x22 ./Core/Startup/startup_stm32f401ccux.o
 .debug_info    0x0000000000001f11      0x27a ./Drivers/OLED/fonts.o
 .debug_info    0x000000000000218b      0x538 ./Drivers/OLED/i2c.o
 .debug_info    0x00000000000026c3      0xbbe ./Drivers/OLED/oled.o
 .debug_info    0x0000000000003281      0x906 ./Drivers/STM32F4xx_HAL_Driver/Src/stm32f4xx_hal.o
 .debug_info    0x0000000000003b87      0xd85 ./Drivers/STM32F4xx_HAL_Driver/Src/stm32f4xx_hal_cortex.o
 .debug_info    0x000000000000490c      0x78e ./Drivers/STM32F4xx_HAL_Driver/Src/stm32f4xx_hal_gpio.o
 .debug_info    0x000000000000509a     0x260f ./Drivers/STM32F4xx_HAL_Driver/Src/stm32f4xx_hal_i2c.o
 .debug_info    0x00000000000076a9      0x98c ./Drivers/STM32F4xx_HAL_Driver/Src/stm32f4xx_hal_rcc.o

.debug_abbrev   0x0000000000000000     0x1702
 .debug_abbrev  0x0000000000000000      0x294 ./Core/Src/main.o
 .debug_abbrev  0x0000000000000294      0x194 ./Core/Src/stm32f4xx_hal_msp.o
 .debug_abbrev  0x0000000000000428       0x74 ./Core/Src/stm32f4xx_it.o
 .debug_abbrev  0x000000000000049c      0x116 ./Core/Src/system_stm32f4xx.o
 .debug_abbrev  0x00000000000005b2       0x12 ./Core/Startup/startup_stm32f401ccux.o
 .debug_abbrev  0x00000000000005c4      0x111 ./Drivers/OLED/fonts.o
 .debug_abbrev  0x00000000000006d5      0x12e ./Drivers/OLED/i2c.o
 .debug_abbrev  0x0000000000000803      0x295 ./Drivers/OLED/oled.o
 .debug_abbrev  0x0000000000000a98      0x23e ./Drivers/STM32F4xx_HAL_Driver/Src/stm32f4xx_hal.o
 .debug_abbrev  0x0000000000000cd6      0x316 ./Drivers/STM32F4xx_HAL_Driver/Src/stm32f4xx_hal_cortex.o
 .debug_abbrev  0x0000000000000fec      0x1c4 ./Drivers/STM32F4xx_HAL_Driver/Src/stm32f4xx_hal_gpio.o
 .debug_abbrev  0x00000000000011b0      0x2a8 ./Drivers/STM32F4xx_HAL_Driver/Src/stm32f4xx_hal_i2c.o
 .debug_abbrev  0x0000000000001458      0x2aa ./Drivers/STM32F4xx_HAL_Driver/Src/stm32f4xx_hal_rcc.o

.debug_aranges  0x0000000000000000      0x7f8
 .debug_aranges
                0x0000000000000000       0x40 ./Core/Src/main.o
 .debug_aranges
                0x0000000000000040       0x30 ./Core/Src/stm32f4xx_hal_msp.o
 .debug_aranges
                0x0000000000000070       0x60 ./Core/Src/stm32f4xx_it.o
 .debug_aranges
                0x00000000000000d0       0x28 ./Core/Src/system_stm32f4xx.o
 .debug_aranges
                0x00000000000000f8       0x28 ./Core/Startup/startup_stm32f401ccux.o
 .debug_aranges
                0x0000000000000120       0x20 ./Drivers/OLED/fonts.o
 .debug_aranges
                0x0000000000000140       0x38 ./Drivers/OLED/i2c.o
 .debug_aranges
                0x0000000000000178       0xf8 ./Drivers/OLED/oled.o
 .debug_aranges
                0x0000000000000270       0xf0 ./Drivers/STM32F4xx_HAL_Driver/Src/stm32f4xx_hal.o
 .debug_aranges
                0x0000000000000360      0x118 ./Drivers/STM32F4xx_HAL_Driver/Src/stm32f4xx_hal_cortex.o
 .debug_aranges
                0x0000000000000478       0x58 ./Drivers/STM32F4xx_HAL_Driver/Src/stm32f4xx_hal_gpio.o
 .debug_aranges
                0x00000000000004d0      0x2a0 ./Drivers/STM32F4xx_HAL_Driver/Src/stm32f4xx_hal_i2c.o
 .debug_aranges
                0x0000000000000770       0x88 ./Drivers/STM32F4xx_HAL_Driver/Src/stm32f4xx_hal_rcc.o

.debug_ranges   0x0000000000000000      0x748
 .debug_ranges  0x0000000000000000       0x30 ./Core/Src/main.o
 .debug_ranges  0x0000000000000030       0x20 ./Core/Src/stm32f4xx_hal_msp.o
 .debug_ranges  0x0000000000000050       0x50 ./Core/Src/stm32f4xx_it.o
 .debug_ranges  0x00000000000000a0       0x18 ./Core/Src/system_stm32f4xx.o
 .debug_ranges  0x00000000000000b8       0x20 ./Core/Startup/startup_stm32f401ccux.o
 .debug_ranges  0x00000000000000d8       0x10 ./Drivers/OLED/fonts.o
 .debug_ranges  0x00000000000000e8       0x28 ./Drivers/OLED/i2c.o
 .debug_ranges  0x0000000000000110       0xe8 ./Drivers/OLED/oled.o
 .debug_ranges  0x00000000000001f8       0xe0 ./Drivers/STM32F4xx_HAL_Driver/Src/stm32f4xx_hal.o
 .debug_ranges  0x00000000000002d8      0x108 ./Drivers/STM32F4xx_HAL_Driver/Src/stm32f4xx_hal_cortex.o
 .debug_ranges  0x00000000000003e0       0x48 ./Drivers/STM32F4xx_HAL_Driver/Src/stm32f4xx_hal_gpio.o
 .debug_ranges  0x0000000000000428      0x2a8 ./Drivers/STM32F4xx_HAL_Driver/Src/stm32f4xx_hal_i2c.o
 .debug_ranges  0x00000000000006d0       0x78 ./Drivers/STM32F4xx_HAL_Driver/Src/stm32f4xx_hal_rcc.o

.debug_macro    0x0000000000000000    0x15c65
 .debug_macro   0x0000000000000000      0x3f2 ./Core/Src/main.o
 .debug_macro   0x00000000000003f2      0xa78 ./Core/Src/main.o
 .debug_macro   0x0000000000000e6a      0x295 ./Core/Src/main.o
 .debug_macro   0x00000000000010ff       0x2e ./Core/Src/main.o
 .debug_macro   0x000000000000112d       0x28 ./Core/Src/main.o
 .debug_macro   0x0000000000001155       0x22 ./Core/Src/main.o
 .debug_macro   0x0000000000001177       0x8e ./Core/Src/main.o
 .debug_macro   0x0000000000001205       0x51 ./Core/Src/main.o
 .debug_macro   0x0000000000001256      0x103 ./Core/Src/main.o
 .debug_macro   0x0000000000001359       0x6a ./Core/Src/main.o
 .debug_macro   0x00000000000013c3      0x1df ./Core/Src/main.o
 .debug_macro   0x00000000000015a2       0x1c ./Core/Src/main.o
 .debug_macro   0x00000000000015be       0x22 ./Core/Src/main.o
 .debug_macro   0x00000000000015e0       0xd9 ./Core/Src/main.o
 .debug_macro   0x00000000000016b9     0x102d ./Core/Src/main.o
 .debug_macro   0x00000000000026e6      0x11f ./Core/Src/main.o
 .debug_macro   0x0000000000002805     0xb86c ./Core/Src/main.o
 .debug_macro   0x000000000000e071       0x6d ./Core/Src/main.o
 .debug_macro   0x000000000000e0de     0x367e ./Core/Src/main.o
 .debug_macro   0x000000000001175c      0x174 ./Core/Src/main.o
 .debug_macro   0x00000000000118d0       0x5c ./Core/Src/main.o
 .debug_macro   0x000000000001192c      0x416 ./Core/Src/main.o
 .debug_macro   0x0000000000011d42      0x9fe ./Core/Src/main.o
 .debug_macro   0x0000000000012740      0x115 ./Core/Src/main.o
 .debug_macro   0x0000000000012855       0xf8 ./Core/Src/main.o
 .debug_macro   0x000000000001294d       0xa5 ./Core/Src/main.o
 .debug_macro   0x00000000000129f2      0x15f ./Core/Src/main.o
 .debug_macro   0x0000000000012b51      0x287 ./Core/Src/main.o
 .debug_macro   0x0000000000012dd8       0x5f ./Core/Src/main.o
 .debug_macro   0x0000000000012e37      0x236 ./Core/Src/main.o
 .debug_macro   0x000000000001306d      0x132 ./Core/Src/main.o
 .debug_macro   0x000000000001319f      0x23a ./Core/Src/main.o
 .debug_macro   0x00000000000133d9       0x2e ./Core/Src/main.o
 .debug_macro   0x0000000000013407      0x1b5 ./Core/Src/main.o
 .debug_macro   0x00000000000135bc       0x22 ./Core/Src/main.o
 .debug_macro   0x00000000000135de       0xd6 ./Core/Src/main.o
 .debug_macro   0x00000000000136b4      0x11a ./Core/Src/main.o
 .debug_macro   0x00000000000137ce       0x85 ./Core/Src/main.o
 .debug_macro   0x0000000000013853       0x89 ./Core/Src/main.o
 .debug_macro   0x00000000000138dc      0x126 ./Core/Src/main.o
 .debug_macro   0x0000000000013a02       0x10 ./Core/Src/main.o
 .debug_macro   0x0000000000013a12       0x52 ./Core/Src/main.o
 .debug_macro   0x0000000000013a64       0x1e ./Core/Src/main.o
 .debug_macro   0x0000000000013a82       0x3c ./Core/Src/main.o
 .debug_macro   0x0000000000013abe       0x34 ./Core/Src/main.o
 .debug_macro   0x0000000000013af2       0x16 ./Core/Src/main.o
 .debug_macro   0x0000000000013b08       0x43 ./Core/Src/main.o
 .debug_macro   0x0000000000013b4b       0x34 ./Core/Src/main.o
 .debug_macro   0x0000000000013b7f       0x10 ./Core/Src/main.o
 .debug_macro   0x0000000000013b8f       0x58 ./Core/Src/main.o
 .debug_macro   0x0000000000013be7       0x71 ./Core/Src/main.o
 .debug_macro   0x0000000000013c58       0x1c ./Core/Src/main.o
 .debug_macro   0x0000000000013c74      0x12a ./Core/Src/main.o
 .debug_macro   0x0000000000013d9e      0x341 ./Core/Src/main.o
 .debug_macro   0x00000000000140df       0x10 ./Core/Src/main.o
 .debug_macro   0x00000000000140ef       0x35 ./Core/Src/main.o
 .debug_macro   0x0000000000014124       0x20 ./Core/Src/main.o
 .debug_macro   0x0000000000014144       0x16 ./Core/Src/main.o
 .debug_macro   0x000000000001415a       0x16 ./Core/Src/main.o
 .debug_macro   0x0000000000014170       0x29 ./Core/Src/main.o
 .debug_macro   0x0000000000014199       0x16 ./Core/Src/main.o
 .debug_macro   0x00000000000141af       0x1c ./Core/Src/main.o
 .debug_macro   0x00000000000141cb       0x10 ./Core/Src/main.o
 .debug_macro   0x00000000000141db       0x10 ./Core/Src/main.o
 .debug_macro   0x00000000000141eb       0x1c ./Core/Src/main.o
 .debug_macro   0x0000000000014207       0x52 ./Core/Src/main.o
 .debug_macro   0x0000000000014259       0x22 ./Core/Src/main.o
 .debug_macro   0x000000000001427b       0x10 ./Core/Src/main.o
 .debug_macro   0x000000000001428b       0x52 ./Core/Src/main.o
 .debug_macro   0x00000000000142dd       0xd5 ./Core/Src/main.o
 .debug_macro   0x00000000000143b2       0x1c ./Core/Src/main.o
 .debug_macro   0x00000000000143ce       0x3d ./Core/Src/main.o
 .debug_macro   0x000000000001440b       0x16 ./Core/Src/main.o
 .debug_macro   0x0000000000014421      0x145 ./Core/Src/main.o
 .debug_macro   0x0000000000014566      0x1d8 ./Core/Src/stm32f4xx_hal_msp.o
 .debug_macro   0x000000000001473e      0x1e2 ./Core/Src/stm32f4xx_it.o
 .debug_macro   0x0000000000014920      0x1c9 ./Core/Src/system_stm32f4xx.o
 .debug_macro   0x0000000000014ae9      0x2a1 ./Drivers/OLED/fonts.o
 .debug_macro   0x0000000000014d8a      0x1dd ./Drivers/OLED/i2c.o
 .debug_macro   0x0000000000014f67      0x340 ./Drivers/OLED/oled.o
 .debug_macro   0x00000000000152a7      0x229 ./Drivers/STM32F4xx_HAL_Driver/Src/stm32f4xx_hal.o
 .debug_macro   0x00000000000154d0      0x1c9 ./Drivers/STM32F4xx_HAL_Driver/Src/stm32f4xx_hal_cortex.o
 .debug_macro   0x0000000000015699      0x1cf ./Drivers/STM32F4xx_HAL_Driver/Src/stm32f4xx_hal_gpio.o
 .debug_macro   0x0000000000015868      0x210 ./Drivers/STM32F4xx_HAL_Driver/Src/stm32f4xx_hal_i2c.o
 .debug_macro   0x0000000000015a78      0x1ed ./Drivers/STM32F4xx_HAL_Driver/Src/stm32f4xx_hal_rcc.o

.debug_line     0x0000000000000000     0xa8d4
 .debug_line    0x0000000000000000      0xa52 ./Core/Src/main.o
 .debug_line    0x0000000000000a52      0x6f9 ./Core/Src/stm32f4xx_hal_msp.o
 .debug_line    0x000000000000114b      0x76e ./Core/Src/stm32f4xx_it.o
 .debug_line    0x00000000000018b9      0x72d ./Core/Src/system_stm32f4xx.o
 .debug_line    0x0000000000001fe6       0x88 ./Core/Startup/startup_stm32f401ccux.o
 .debug_line    0x000000000000206e      0x815 ./Drivers/OLED/fonts.o
 .debug_line    0x0000000000002883      0x972 ./Drivers/OLED/i2c.o
 .debug_line    0x00000000000031f5      0xfea ./Drivers/OLED/oled.o
 .debug_line    0x00000000000041df      0x993 ./Drivers/STM32F4xx_HAL_Driver/Src/stm32f4xx_hal.o
 .debug_line    0x0000000000004b72      0xc42 ./Drivers/STM32F4xx_HAL_Driver/Src/stm32f4xx_hal_cortex.o
 .debug_line    0x00000000000057b4      0xacb ./Drivers/STM32F4xx_HAL_Driver/Src/stm32f4xx_hal_gpio.o
 .debug_line    0x000000000000627f     0x3948 ./Drivers/STM32F4xx_HAL_Driver/Src/stm32f4xx_hal_i2c.o
 .debug_line    0x0000000000009bc7      0xd0d ./Drivers/STM32F4xx_HAL_Driver/Src/stm32f4xx_hal_rcc.o

.debug_str      0x0000000000000000    0x851f5
 .debug_str     0x0000000000000000    0x82eca ./Core/Src/main.o
                                      0x831b4 (size before relaxing)
 .debug_str     0x0000000000082eca       0x63 ./Core/Src/stm32f4xx_hal_msp.o
                                      0x7ef73 (size before relaxing)
 .debug_str     0x0000000000082f2d       0xc9 ./Core/Src/stm32f4xx_it.o
                                      0x7e944 (size before relaxing)
 .debug_str     0x0000000000082ff6       0xdb ./Core/Src/system_stm32f4xx.o
                                      0x7ea5b (size before relaxing)
 .debug_str     0x00000000000830d1       0x36 ./Core/Startup/startup_stm32f401ccux.o
                                         0x63 (size before relaxing)
 .debug_str     0x0000000000083107       0x89 ./Drivers/OLED/fonts.o
                                      0x81772 (size before relaxing)
 .debug_str     0x0000000000083190       0x68 ./Drivers/OLED/i2c.o
                                      0x7ea57 (size before relaxing)
 .debug_str     0x00000000000831f8      0x4b8 ./Drivers/OLED/oled.o
                                      0x81d92 (size before relaxing)
 .debug_str     0x00000000000836b0      0x9ae ./Drivers/STM32F4xx_HAL_Driver/Src/stm32f4xx_hal.o
                                      0x7f47d (size before relaxing)
 .debug_str     0x000000000008405e      0x354 ./Drivers/STM32F4xx_HAL_Driver/Src/stm32f4xx_hal_cortex.o
                                      0x7f19e (size before relaxing)
 .debug_str     0x00000000000843b2      0x121 ./Drivers/STM32F4xx_HAL_Driver/Src/stm32f4xx_hal_gpio.o
                                      0x7ebd6 (size before relaxing)
 .debug_str     0x00000000000844d3      0xb0f ./Drivers/STM32F4xx_HAL_Driver/Src/stm32f4xx_hal_i2c.o
                                      0x7fa19 (size before relaxing)
 .debug_str     0x0000000000084fe2      0x213 ./Drivers/STM32F4xx_HAL_Driver/Src/stm32f4xx_hal_rcc.o
                                      0x7ee8f (size before relaxing)

.comment        0x0000000000000000       0x50
 .comment       0x0000000000000000       0x50 ./Core/Src/main.o
                                         0x51 (size before relaxing)
 .comment       0x0000000000000050       0x51 ./Core/Src/stm32f4xx_hal_msp.o
 .comment       0x0000000000000050       0x51 ./Core/Src/stm32f4xx_it.o
 .comment       0x0000000000000050       0x51 ./Core/Src/system_stm32f4xx.o
 .comment       0x0000000000000050       0x51 ./Drivers/OLED/fonts.o
 .comment       0x0000000000000050       0x51 ./Drivers/OLED/i2c.o
 .comment       0x0000000000000050       0x51 ./Drivers/OLED/oled.o
 .comment       0x0000000000000050       0x51 ./Drivers/STM32F4xx_HAL_Driver/Src/stm32f4xx_hal.o
 .comment       0x0000000000000050       0x51 ./Drivers/STM32F4xx_HAL_Driver/Src/stm32f4xx_hal_cortex.o
 .comment       0x0000000000000050       0x51 ./Drivers/STM32F4xx_HAL_Driver/Src/stm32f4xx_hal_gpio.o
 .comment       0x0000000000000050       0x51 ./Drivers/STM32F4xx_HAL_Driver/Src/stm32f4xx_hal_i2c.o
 .comment       0x0000000000000050       0x51 ./Drivers/STM32F4xx_HAL_Driver/Src/stm32f4xx_hal_rcc.o

.debug_frame    0x0000000000000000     0x1fc8
 .debug_frame   0x0000000000000000       0xa8 ./Core/Src/main.o
 .debug_frame   0x00000000000000a8       0x80 ./Core/Src/stm32f4xx_hal_msp.o
 .debug_frame   0x0000000000000128      0x104 ./Core/Src/stm32f4xx_it.o
 .debug_frame   0x000000000000022c       0x58 ./Core/Src/system_stm32f4xx.o
 .debug_frame   0x0000000000000284       0x38 ./Drivers/OLED/fonts.o
 .debug_frame   0x00000000000002bc       0xa8 ./Drivers/OLED/i2c.o
 .debug_frame   0x0000000000000364      0x410 ./Drivers/OLED/oled.o
 .debug_frame   0x0000000000000774      0x374 ./Drivers/STM32F4xx_HAL_Driver/Src/stm32f4xx_hal.o
 .debug_frame   0x0000000000000ae8      0x498 ./Drivers/STM32F4xx_HAL_Driver/Src/stm32f4xx_hal_cortex.o
 .debug_frame   0x0000000000000f80      0x14c ./Drivers/STM32F4xx_HAL_Driver/Src/stm32f4xx_hal_gpio.o
 .debug_frame   0x00000000000010cc      0xc5c ./Drivers/STM32F4xx_HAL_Driver/Src/stm32f4xx_hal_i2c.o
 .debug_frame   0x0000000000001d28      0x1f4 ./Drivers/STM32F4xx_HAL_Driver/Src/stm32f4xx_hal_rcc.o
 .debug_frame   0x0000000000001f1c       0x2c c:/st/stm32cubeide_1.12.1/stm32cubeide/plugins/com.st.stm32cube.ide.mcu.externaltools.gnu-tools-for-stm32.10.3-2021.10.win32_1.0.200.202301161003/tools/bin/../lib/gcc/arm-none-eabi/10.3.1/../../../../arm-none-eabi/lib/thumb/v7e-m+fp/hard\libc_nano.a(lib_a-init.o)
 .debug_frame   0x0000000000001f48       0x20 c:/st/stm32cubeide_1.12.1/stm32cubeide/plugins/com.st.stm32cube.ide.mcu.externaltools.gnu-tools-for-stm32.10.3-2021.10.win32_1.0.200.202301161003/tools/bin/../lib/gcc/arm-none-eabi/10.3.1/../../../../arm-none-eabi/lib/thumb/v7e-m+fp/hard\libc_nano.a(lib_a-memset.o)
 .debug_frame   0x0000000000001f68       0x2c c:/st/stm32cubeide_1.12.1/stm32cubeide/plugins/com.st.stm32cube.ide.mcu.externaltools.gnu-tools-for-stm32.10.3-2021.10.win32_1.0.200.202301161003/tools/bin/../lib/gcc/arm-none-eabi/10.3.1/thumb/v7e-m+fp/hard\libgcc.a(_aeabi_uldivmod.o)
 .debug_frame   0x0000000000001f94       0x34 c:/st/stm32cubeide_1.12.1/stm32cubeide/plugins/com.st.stm32cube.ide.mcu.externaltools.gnu-tools-for-stm32.10.3-2021.10.win32_1.0.200.202301161003/tools/bin/../lib/gcc/arm-none-eabi/10.3.1/thumb/v7e-m+fp/hard\libgcc.a(_udivmoddi4.o)
