Archive member included to satisfy reference by file (symbol)

c:/st/stm32cubeide_1.12.1/stm32cubeide/plugins/com.st.stm32cube.ide.mcu.externaltools.gnu-tools-for-stm32.10.3-2021.10.win32_1.0.200.202301161003/tools/bin/../lib/gcc/arm-none-eabi/10.3.1/../../../../arm-none-eabi/lib/thumb/v7-m/nofp\libc_nano.a(lib_a-errno.o)
                              ./Core/Src/syscalls.o (__errno)
c:/st/stm32cubeide_1.12.1/stm32cubeide/plugins/com.st.stm32cube.ide.mcu.externaltools.gnu-tools-for-stm32.10.3-2021.10.win32_1.0.200.202301161003/tools/bin/../lib/gcc/arm-none-eabi/10.3.1/../../../../arm-none-eabi/lib/thumb/v7-m/nofp\libc_nano.a(lib_a-exit.o)
                              c:/st/stm32cubeide_1.12.1/stm32cubeide/plugins/com.st.stm32cube.ide.mcu.externaltools.gnu-tools-for-stm32.10.3-2021.10.win32_1.0.200.202301161003/tools/bin/../lib/gcc/arm-none-eabi/10.3.1/../../../../arm-none-eabi/lib/thumb/v7-m/nofp/crt0.o (exit)
c:/st/stm32cubeide_1.12.1/stm32cubeide/plugins/com.st.stm32cube.ide.mcu.externaltools.gnu-tools-for-stm32.10.3-2021.10.win32_1.0.200.202301161003/tools/bin/../lib/gcc/arm-none-eabi/10.3.1/../../../../arm-none-eabi/lib/thumb/v7-m/nofp\libc_nano.a(lib_a-impure.o)
                              c:/st/stm32cubeide_1.12.1/stm32cubeide/plugins/com.st.stm32cube.ide.mcu.externaltools.gnu-tools-for-stm32.10.3-2021.10.win32_1.0.200.202301161003/tools/bin/../lib/gcc/arm-none-eabi/10.3.1/../../../../arm-none-eabi/lib/thumb/v7-m/nofp\libc_nano.a(lib_a-exit.o) (_global_impure_ptr)
c:/st/stm32cubeide_1.12.1/stm32cubeide/plugins/com.st.stm32cube.ide.mcu.externaltools.gnu-tools-for-stm32.10.3-2021.10.win32_1.0.200.202301161003/tools/bin/../lib/gcc/arm-none-eabi/10.3.1/../../../../arm-none-eabi/lib/thumb/v7-m/nofp\libc_nano.a(lib_a-init.o)
                              c:/st/stm32cubeide_1.12.1/stm32cubeide/plugins/com.st.stm32cube.ide.mcu.externaltools.gnu-tools-for-stm32.10.3-2021.10.win32_1.0.200.202301161003/tools/bin/../lib/gcc/arm-none-eabi/10.3.1/../../../../arm-none-eabi/lib/thumb/v7-m/nofp/crt0.o (__libc_init_array)
c:/st/stm32cubeide_1.12.1/stm32cubeide/plugins/com.st.stm32cube.ide.mcu.externaltools.gnu-tools-for-stm32.10.3-2021.10.win32_1.0.200.202301161003/tools/bin/../lib/gcc/arm-none-eabi/10.3.1/../../../../arm-none-eabi/lib/thumb/v7-m/nofp\libc_nano.a(lib_a-memset.o)
                              c:/st/stm32cubeide_1.12.1/stm32cubeide/plugins/com.st.stm32cube.ide.mcu.externaltools.gnu-tools-for-stm32.10.3-2021.10.win32_1.0.200.202301161003/tools/bin/../lib/gcc/arm-none-eabi/10.3.1/../../../../arm-none-eabi/lib/thumb/v7-m/nofp/crt0.o (memset)
c:/st/stm32cubeide_1.12.1/stm32cubeide/plugins/com.st.stm32cube.ide.mcu.externaltools.gnu-tools-for-stm32.10.3-2021.10.win32_1.0.200.202301161003/tools/bin/../lib/gcc/arm-none-eabi/10.3.1/../../../../arm-none-eabi/lib/thumb/v7-m/nofp\libc_nano.a(lib_a-strcmp.o)
                              ./Core/Src/main.o (strcmp)
c:/st/stm32cubeide_1.12.1/stm32cubeide/plugins/com.st.stm32cube.ide.mcu.externaltools.gnu-tools-for-stm32.10.3-2021.10.win32_1.0.200.202301161003/tools/bin/../lib/gcc/arm-none-eabi/10.3.1/../../../../arm-none-eabi/lib/thumb/v7-m/nofp\libc_nano.a(lib_a-strlen.o)
                              ./Core/Src/fonts.o (strlen)

Discarded input sections

 .text          0x0000000000000000        0x0 c:/st/stm32cubeide_1.12.1/stm32cubeide/plugins/com.st.stm32cube.ide.mcu.externaltools.gnu-tools-for-stm32.10.3-2021.10.win32_1.0.200.202301161003/tools/bin/../lib/gcc/arm-none-eabi/10.3.1/thumb/v7-m/nofp/crti.o
 .data          0x0000000000000000        0x0 c:/st/stm32cubeide_1.12.1/stm32cubeide/plugins/com.st.stm32cube.ide.mcu.externaltools.gnu-tools-for-stm32.10.3-2021.10.win32_1.0.200.202301161003/tools/bin/../lib/gcc/arm-none-eabi/10.3.1/thumb/v7-m/nofp/crti.o
 .bss           0x0000000000000000        0x0 c:/st/stm32cubeide_1.12.1/stm32cubeide/plugins/com.st.stm32cube.ide.mcu.externaltools.gnu-tools-for-stm32.10.3-2021.10.win32_1.0.200.202301161003/tools/bin/../lib/gcc/arm-none-eabi/10.3.1/thumb/v7-m/nofp/crti.o
 .data          0x0000000000000000        0x4 c:/st/stm32cubeide_1.12.1/stm32cubeide/plugins/com.st.stm32cube.ide.mcu.externaltools.gnu-tools-for-stm32.10.3-2021.10.win32_1.0.200.202301161003/tools/bin/../lib/gcc/arm-none-eabi/10.3.1/thumb/v7-m/nofp/crtbegin.o
 .rodata        0x0000000000000000       0x24 c:/st/stm32cubeide_1.12.1/stm32cubeide/plugins/com.st.stm32cube.ide.mcu.externaltools.gnu-tools-for-stm32.10.3-2021.10.win32_1.0.200.202301161003/tools/bin/../lib/gcc/arm-none-eabi/10.3.1/thumb/v7-m/nofp/crtbegin.o
 .text          0x0000000000000000       0x7c c:/st/stm32cubeide_1.12.1/stm32cubeide/plugins/com.st.stm32cube.ide.mcu.externaltools.gnu-tools-for-stm32.10.3-2021.10.win32_1.0.200.202301161003/tools/bin/../lib/gcc/arm-none-eabi/10.3.1/../../../../arm-none-eabi/lib/thumb/v7-m/nofp/crt0.o
[...]
Memory Configuration

Name             Origin             Length             Attributes
RAM              0x0000000020000000 0x0000000000002800 xrw
FLASH            0x0000000008000000 0x0000000000008000 xr
*default*        0x0000000000000000 0xffffffffffffffff

Linker script and memory map

LOAD c:/st/stm32cubeide_1.12.1/stm32cubeide/plugins/com.st.stm32cube.ide.mcu.externaltools.gnu-tools-for-stm32.10.3-2021.10.win32_1.0.200.202301161003/tools/bin/../lib/gcc/arm-none-eabi/10.3.1/thumb/v7-m/nofp/crti.o
LOAD c:/st/stm32cubeide_1.12.1/stm32cubeide/plugins/com.st.stm32cube.ide.mcu.externaltools.gnu-tools-for-stm32.10.3-2021.10.win32_1.0.200.202301161003/tools/bin/../lib/gcc/arm-none-eabi/10.3.1/thumb/v7-m/nofp/crtbegin.o
LOAD c:/st/stm32cubeide_1.12.1/stm32cubeide/plugins/com.st.stm32cube.ide.mcu.externaltools.gnu-tools-for-stm32.10.3-2021.10.win32_1.0.200.202301161003/tools/bin/../lib/gcc/arm-none-eabi/10.3.1/../../../../arm-none-eabi/lib/thumb/v7-m/nofp/crt0.o
LOAD ./Core/Src/fonts.o
LOAD ./Core/Src/main.o
LOAD ./Core/Src/rc522.o
LOAD ./Core/Src/ssd1306.o
LOAD ./Core/Src/stm32f1xx_hal_msp.o
LOAD ./Core/Src/stm32f1xx_it.o
LOAD ./Core/Src/syscalls.o
LOAD ./Core/Src/sysmem.o
LOAD ./Core/Src/system_stm32f1xx.o
LOAD ./Core/Startup/startup_stm32f103c6tx.o
LOAD ./Drivers/STM32F1xx_HAL_Driver/Src/stm32f1xx_hal.o
LOAD ./Drivers/STM32F1xx_HAL_Driver/Src/stm32f1xx_hal_cortex.o
LOAD ./Drivers/STM32F1xx_HAL_Driver/Src/stm32f1xx_hal_dma.o
LOAD ./Drivers/STM32F1xx_HAL_Driver/Src/stm32f1xx_hal_exti.o
LOAD ./Drivers/STM32F1xx_HAL_Driver/Src/stm32f1xx_hal_flash.o
LOAD ./Drivers/STM32F1xx_HAL_Driver/Src/stm32f1xx_hal_flash_ex.o
LOAD ./Drivers/STM32F1xx_HAL_Driver/Src/stm32f1xx_hal_gpio.o
LOAD ./Drivers/STM32F1xx_HAL_Driver/Src/stm32f1xx_hal_gpio_ex.o
LOAD ./Drivers/STM32F1xx_HAL_Driver/Src/stm32f1xx_hal_i2c.o
LOAD ./Drivers/STM32F1xx_HAL_Driver/Src/stm32f1xx_hal_pwr.o
LOAD ./Drivers/STM32F1xx_HAL_Driver/Src/stm32f1xx_hal_rcc.o
LOAD ./Drivers/STM32F1xx_HAL_Driver/Src/stm32f1xx_hal_rcc_ex.o
LOAD ./Drivers/STM32F1xx_HAL_Driver/Src/stm32f1xx_hal_spi.o
LOAD ./Drivers/STM32F1xx_HAL_Driver/Src/stm32f1xx_hal_tim.o
LOAD ./Drivers/STM32F1xx_HAL_Driver/Src/stm32f1xx_hal_tim_ex.o
START GROUP
LOAD c:/st/stm32cubeide_1.12.1/stm32cubeide/plugins/com.st.stm32cube.ide.mcu.externaltools.gnu-tools-for-stm32.10.3-2021.10.win32_1.0.200.202301161003/tools/bin/../lib/gcc/arm-none-eabi/10.3.1/../../../../arm-none-eabi/lib/thumb/v7-m/nofp\libc_nano.a
LOAD c:/st/stm32cubeide_1.12.1/stm32cubeide/plugins/com.st.stm32cube.ide.mcu.externaltools.gnu-tools-for-stm32.10.3-2021.10.win32_1.0.200.202301161003/tools/bin/../lib/gcc/arm-none-eabi/10.3.1/../../../../arm-none-eabi/lib/thumb/v7-m/nofp\libm.a
END GROUP
START GROUP
LOAD c:/st/stm32cubeide_1.12.1/stm32cubeide/plugins/com.st.stm32cube.ide.mcu.externaltools.gnu-tools-for-stm32.10.3-2021.10.win32_1.0.200.202301161003/tools/bin/../lib/gcc/arm-none-eabi/10.3.1/thumb/v7-m/nofp\libgcc.a
LOAD c:/st/stm32cubeide_1.12.1/stm32cubeide/plugins/com.st.stm32cube.ide.mcu.externaltools.gnu-tools-for-stm32.10.3-2021.10.win32_1.0.200.202301161003/tools/bin/../lib/gcc/arm-none-eabi/10.3.1/../../../../arm-none-eabi/lib/thumb/v7-m/nofp\libc_nano.a
END GROUP
START GROUP
LOAD c:/st/stm32cubeide_1.12.1/stm32cubeide/plugins/com.st.stm32cube.ide.mcu.externaltools.gnu-tools-for-stm32.10.3-2021.10.win32_1.0.200.202301161003/tools/bin/../lib/gcc/arm-none-eabi/10.3.1/thumb/v7-m/nofp\libgcc.a
LOAD c:/st/stm32cubeide_1.12.1/stm32cubeide/plugins/com.st.stm32cube.ide.mcu.externaltools.gnu-tools-for-stm32.10.3-2021.10.win32_1.0.200.202301161003/tools/bin/../lib/gcc/arm-none-eabi/10.3.1/../../../../arm-none-eabi/lib/thumb/v7-m/nofp\libc_nano.a
LOAD c:/st/stm32cubeide_1.12.1/stm32cubeide/plugins/com.st.stm32cube.ide.mcu.externaltools.gnu-tools-for-stm32.10.3-2021.10.win32_1.0.200.202301161003/tools/bin/../lib/gcc/arm-none-eabi/10.3.1/../../../../arm-none-eabi/lib/thumb/v7-m/nofp\libnosys.a
END GROUP
START GROUP
LOAD c:/st/stm32cubeide_1.12.1/stm32cubeide/plugins/com.st.stm32cube.ide.mcu.externaltools.gnu-tools-for-stm32.10.3-2021.10.win32_1.0.200.202301161003/tools/bin/../lib/gcc/arm-none-eabi/10.3.1/thumb/v7-m/nofp\libgcc.a
LOAD c:/st/stm32cubeide_1.12.1/stm32cubeide/plugins/com.st.stm32cube.ide.mcu.externaltools.gnu-tools-for-stm32.10.3-2021.10.win32_1.0.200.202301161003/tools/bin/../lib/gcc/arm-none-eabi/10.3.1/../../../../arm-none-eabi/lib/thumb/v7-m/nofp\libc_nano.a
LOAD c:/st/stm32cubeide_1.12.1/stm32cubeide/plugins/com.st.stm32cube.ide.mcu.externaltools.gnu-tools-for-stm32.10.3-2021.10.win32_1.0.200.202301161003/tools/bin/../lib/gcc/arm-none-eabi/10.3.1/../../../../arm-none-eabi/lib/thumb/v7-m/nofp\libnosys.a
END GROUP
LOAD c:/st/stm32cubeide_1.12.1/stm32cubeide/plugins/com.st.stm32cube.ide.mcu.externaltools.gnu-tools-for-stm32.10.3-2021.10.win32_1.0.200.202301161003/tools/bin/../lib/gcc/arm-none-eabi/10.3.1/thumb/v7-m/nofp/crtend.o
LOAD c:/st/stm32cubeide_1.12.1/stm32cubeide/plugins/com.st.stm32cube.ide.mcu.externaltools.gnu-tools-for-stm32.10.3-2021.10.win32_1.0.200.202301161003/tools/bin/../lib/gcc/arm-none-eabi/10.3.1/thumb/v7-m/nofp/crtn.o
                0x0000000020002800                _estack = (ORIGIN (RAM) + LENGTH (RAM))
                0x0000000000000200                _Min_Heap_Size = 0x200
                0x0000000000000400                _Min_Stack_Size = 0x400

.isr_vector     0x0000000008000000      0x10c
                0x0000000008000000                . = ALIGN (0x4)
 *(.isr_vector)
 .isr_vector    0x0000000008000000      0x10c ./Core/Startup/startup_stm32f103c6tx.o
                0x0000000008000000                g_pfnVectors
                0x000000000800010c                . = ALIGN (0x4)

.text           0x000000000800010c     0x3294
                0x000000000800010c                . = ALIGN (0x4)
 *(.text)
 .text          0x000000000800010c       0x40 c:/st/stm32cubeide_1.12.1/stm32cubeide/plugins/com.st.stm32cube.ide.mcu.externaltools.gnu-tools-for-stm32.10.3-2021.10.win32_1.0.200.202301161003/tools/bin/../lib/gcc/arm-none-eabi/10.3.1/thumb/v7-m/nofp/crtbegin.o
 .text          0x000000000800014c       0x14 c:/st/stm32cubeide_1.12.1/stm32cubeide/plugins/com.st.stm32cube.ide.mcu.externaltools.gnu-tools-for-stm32.10.3-2021.10.win32_1.0.200.202301161003/tools/bin/../lib/gcc/arm-none-eabi/10.3.1/../../../../arm-none-eabi/lib/thumb/v7-m/nofp\libc_nano.a(lib_a-strcmp.o)
                0x000000000800014c                strcmp
 *(.text*)
 .text.main     0x0000000008000160      0x450 ./Core/Src/main.o
                0x0000000008000160                main
 .text.SystemClock_Config
                0x00000000080005b0       0x8a ./Core/Src/main.o
                0x00000000080005b0                SystemClock_Config
 *fill*         0x000000000800063a        0x2 
 .text.MX_I2C1_Init
                0x000000000800063c       0x5c ./Core/Src/main.o
 .text.MX_SPI1_Init
                0x0000000008000698       0x6c ./Core/Src/main.o
 .text.MX_GPIO_Init
                0x0000000008000704      0x108 ./Core/Src/main.o
 .text.Error_Handler
                0x000000000800080c        0xa ./Core/Src/main.o
                0x000000000800080c                Error_Handler
 *fill*         0x0000000008000816        0x2 
 .text.RC522_SPI_Transfer
                0x0000000008000818       0x2c ./Core/Src/rc522.o
                0x0000000008000818                RC522_SPI_Transfer
 .text.Write_MFRC522
                0x0000000008000844       0x4c ./Core/Src/rc522.o
                0x0000000008000844                Write_MFRC522
 .text.Read_MFRC522
                0x0000000008000890       0x50 ./Core/Src/rc522.o
                0x0000000008000890                Read_MFRC522
 .text.SetBitMask
                0x00000000080008e0       0x36 ./Core/Src/rc522.o
                0x00000000080008e0                SetBitMask
 .text.ClearBitMask
                0x0000000008000916       0x40 ./Core/Src/rc522.o
                0x0000000008000916                ClearBitMask
 .text.AntennaOn
                0x0000000008000956       0x16 ./Core/Src/rc522.o
                0x0000000008000956                AntennaOn
 .text.MFRC522_Reset
                0x000000000800096c       0x10 ./Core/Src/rc522.o
                0x000000000800096c                MFRC522_Reset
 .text.MFRC522_Init
                0x000000000800097c       0x5c ./Core/Src/rc522.o
                0x000000000800097c                MFRC522_Init
 .text.MFRC522_ToCard
                0x00000000080009d8      0x194 ./Core/Src/rc522.o
                0x00000000080009d8                MFRC522_ToCard
 .text.MFRC522_Request
                0x0000000008000b6c       0x4a ./Core/Src/rc522.o
                0x0000000008000b6c                MFRC522_Request
 .text.MFRC522_Anticoll
                0x0000000008000bb6       0x7a ./Core/Src/rc522.o
                0x0000000008000bb6                MFRC522_Anticoll
 .text.SSD1306_Init
                0x0000000008000c30      0x188 ./Core/Src/ssd1306.o
                0x0000000008000c30                SSD1306_Init
 .text.SSD1306_UpdateScreen
                0x0000000008000db8       0x5c ./Core/Src/ssd1306.o
                0x0000000008000db8                SSD1306_UpdateScreen
 .text.SSD1306_Fill
                0x0000000008000e14       0x30 ./Core/Src/ssd1306.o
                0x0000000008000e14                SSD1306_Fill
 .text.SSD1306_DrawPixel
                0x0000000008000e44       0xbc ./Core/Src/ssd1306.o
                0x0000000008000e44                SSD1306_DrawPixel
 .text.SSD1306_GotoXY
                0x0000000008000f00       0x2c ./Core/Src/ssd1306.o
                0x0000000008000f00                SSD1306_GotoXY
 .text.SSD1306_Putc
                0x0000000008000f2c      0x100 ./Core/Src/ssd1306.o
                0x0000000008000f2c                SSD1306_Putc
 .text.SSD1306_Puts
                0x000000000800102c       0x4a ./Core/Src/ssd1306.o
                0x000000000800102c                SSD1306_Puts
 .text.SSD1306_Clear
                0x0000000008001076       0x12 ./Core/Src/ssd1306.o
                0x0000000008001076                SSD1306_Clear
 .text.ssd1306_I2C_Init
                0x0000000008001088       0x28 ./Core/Src/ssd1306.o
                0x0000000008001088                ssd1306_I2C_Init
 .text.ssd1306_I2C_WriteMulti
                0x00000000080010b0       0xcc ./Core/Src/ssd1306.o
                0x00000000080010b0                ssd1306_I2C_WriteMulti
 .text.ssd1306_I2C_Write
                0x000000000800117c       0x3c ./Core/Src/ssd1306.o
                0x000000000800117c                ssd1306_I2C_Write
 .text.HAL_MspInit
                0x00000000080011b8       0x64 ./Core/Src/stm32f1xx_hal_msp.o
                0x00000000080011b8                HAL_MspInit
 .text.HAL_I2C_MspInit
                0x000000000800121c       0x80 ./Core/Src/stm32f1xx_hal_msp.o
                0x000000000800121c                HAL_I2C_MspInit
 .text.HAL_SPI_MspInit
                0x000000000800129c       0x94 ./Core/Src/stm32f1xx_hal_msp.o
                0x000000000800129c                HAL_SPI_MspInit
 .text.NMI_Handler
                0x0000000008001330        0x6 ./Core/Src/stm32f1xx_it.o
                0x0000000008001330                NMI_Handler
 .text.HardFault_Handler
                0x0000000008001336        0x6 ./Core/Src/stm32f1xx_it.o
                0x0000000008001336                HardFault_Handler
 .text.MemManage_Handler
                0x000000000800133c        0x6 ./Core/Src/stm32f1xx_it.o
                0x000000000800133c                MemManage_Handler
 .text.BusFault_Handler
                0x0000000008001342        0x6 ./Core/Src/stm32f1xx_it.o
                0x0000000008001342                BusFault_Handler
 .text.UsageFault_Handler
                0x0000000008001348        0x6 ./Core/Src/stm32f1xx_it.o
                0x0000000008001348                UsageFault_Handler
 .text.SVC_Handler
                0x000000000800134e        0xc ./Core/Src/stm32f1xx_it.o
                0x000000000800134e                SVC_Handler
 .text.DebugMon_Handler
                0x000000000800135a        0xc ./Core/Src/stm32f1xx_it.o
                0x000000000800135a                DebugMon_Handler
 .text.PendSV_Handler
                0x0000000008001366        0xc ./Core/Src/stm32f1xx_it.o
                0x0000000008001366                PendSV_Handler
 .text.SysTick_Handler
                0x0000000008001372        0xc ./Core/Src/stm32f1xx_it.o
                0x0000000008001372                SysTick_Handler
 .text.SystemInit
                0x000000000800137e        0xc ./Core/Src/system_stm32f1xx.o
                0x000000000800137e                SystemInit
 *fill*         0x000000000800138a        0x2 
 .text.Reset_Handler
                0x000000000800138c       0x48 ./Core/Startup/startup_stm32f103c6tx.o
                0x000000000800138c                Reset_Handler
 .text.Default_Handler
                0x00000000080013d4        0x2 ./Core/Startup/startup_stm32f103c6tx.o
                0x00000000080013d4                RTC_Alarm_IRQHandler
                0x00000000080013d4                EXTI2_IRQHandler
                0x00000000080013d4                TIM1_CC_IRQHandler
                0x00000000080013d4                PVD_IRQHandler
                0x00000000080013d4                EXTI3_IRQHandler
                0x00000000080013d4                EXTI0_IRQHandler
                0x00000000080013d4                ADC1_2_IRQHandler
                0x00000000080013d4                SPI1_IRQHandler
                0x00000000080013d4                TAMPER_IRQHandler
                0x00000000080013d4                DMA1_Channel4_IRQHandler
                0x00000000080013d4                RTC_IRQHandler
                0x00000000080013d4                DMA1_Channel7_IRQHandler
                0x00000000080013d4                CAN1_RX1_IRQHandler
                0x00000000080013d4                I2C1_EV_IRQHandler
                0x00000000080013d4                DMA1_Channel6_IRQHandler
                0x00000000080013d4                TIM3_IRQHandler
                0x00000000080013d4                RCC_IRQHandler
                0x00000000080013d4                TIM1_TRG_COM_IRQHandler
                0x00000000080013d4                DMA1_Channel1_IRQHandler
                0x00000000080013d4                Default_Handler
                0x00000000080013d4                EXTI15_10_IRQHandler
                0x00000000080013d4                EXTI9_5_IRQHandler
                0x00000000080013d4                DMA1_Channel5_IRQHandler
                0x00000000080013d4                EXTI4_IRQHandler
                0x00000000080013d4                USB_LP_CAN1_RX0_IRQHandler
                0x00000000080013d4                USB_HP_CAN1_TX_IRQHandler
                0x00000000080013d4                DMA1_Channel3_IRQHandler
                0x00000000080013d4                TIM1_UP_IRQHandler
                0x00000000080013d4                WWDG_IRQHandler
                0x00000000080013d4                TIM2_IRQHandler
                0x00000000080013d4                TIM1_BRK_IRQHandler
                0x00000000080013d4                EXTI1_IRQHandler
                0x00000000080013d4                USART2_IRQHandler
                0x00000000080013d4                DMA1_Channel2_IRQHandler
                0x00000000080013d4                CAN1_SCE_IRQHandler
                0x00000000080013d4                FLASH_IRQHandler
                0x00000000080013d4                USART1_IRQHandler
                0x00000000080013d4                I2C1_ER_IRQHandler
                0x00000000080013d4                USBWakeUp_IRQHandler
 *fill*         0x00000000080013d6        0x2 
 .text.HAL_Init
                0x00000000080013d8       0x2c ./Drivers/STM32F1xx_HAL_Driver/Src/stm32f1xx_hal.o
                0x00000000080013d8                HAL_Init
 .text.HAL_InitTick
                0x0000000008001404       0x60 ./Drivers/STM32F1xx_HAL_Driver/Src/stm32f1xx_hal.o
                0x0000000008001404                HAL_InitTick
 .text.HAL_IncTick
                0x0000000008001464       0x24 ./Drivers/STM32F1xx_HAL_Driver/Src/stm32f1xx_hal.o
                0x0000000008001464                HAL_IncTick
 .text.HAL_GetTick
                0x0000000008001488       0x14 ./Drivers/STM32F1xx_HAL_Driver/Src/stm32f1xx_hal.o
                0x0000000008001488                HAL_GetTick
 .text.HAL_Delay
                0x000000000800149c       0x48 ./Drivers/STM32F1xx_HAL_Driver/Src/stm32f1xx_hal.o
                0x000000000800149c                HAL_Delay
 .text.__NVIC_SetPriorityGrouping
                0x00000000080014e4       0x48 ./Drivers/STM32F1xx_HAL_Driver/Src/stm32f1xx_hal_cortex.o
 .text.__NVIC_GetPriorityGrouping
                0x000000000800152c       0x1c ./Drivers/STM32F1xx_HAL_Driver/Src/stm32f1xx_hal_cortex.o
 .text.__NVIC_SetPriority
                0x0000000008001548       0x54 ./Drivers/STM32F1xx_HAL_Driver/Src/stm32f1xx_hal_cortex.o
 .text.NVIC_EncodePriority
                0x000000000800159c       0x64 ./Drivers/STM32F1xx_HAL_Driver/Src/stm32f1xx_hal_cortex.o
 .text.SysTick_Config
                0x0000000008001600       0x44 ./Drivers/STM32F1xx_HAL_Driver/Src/stm32f1xx_hal_cortex.o
 .text.HAL_NVIC_SetPriorityGrouping
                0x0000000008001644       0x16 ./Drivers/STM32F1xx_HAL_Driver/Src/stm32f1xx_hal_cortex.o
                0x0000000008001644                HAL_NVIC_SetPriorityGrouping
 .text.HAL_NVIC_SetPriority
                0x000000000800165a       0x38 ./Drivers/STM32F1xx_HAL_Driver/Src/stm32f1xx_hal_cortex.o
                0x000000000800165a                HAL_NVIC_SetPriority
 .text.HAL_SYSTICK_Config
                0x0000000008001692       0x18 ./Drivers/STM32F1xx_HAL_Driver/Src/stm32f1xx_hal_cortex.o
                0x0000000008001692                HAL_SYSTICK_Config
 *fill*         0x00000000080016aa        0x2 
 .text.HAL_GPIO_Init
                0x00000000080016ac      0x2f8 ./Drivers/STM32F1xx_HAL_Driver/Src/stm32f1xx_hal_gpio.o
                0x00000000080016ac                HAL_GPIO_Init
 .text.HAL_GPIO_WritePin
                0x00000000080019a4       0x30 ./Drivers/STM32F1xx_HAL_Driver/Src/stm32f1xx_hal_gpio.o
                0x00000000080019a4                HAL_GPIO_WritePin
 .text.HAL_I2C_Init
                0x00000000080019d4      0x288 ./Drivers/STM32F1xx_HAL_Driver/Src/stm32f1xx_hal_i2c.o
                0x00000000080019d4                HAL_I2C_Init
 .text.HAL_I2C_Master_Transmit
                0x0000000008001c5c      0x1fc ./Drivers/STM32F1xx_HAL_Driver/Src/stm32f1xx_hal_i2c.o
                0x0000000008001c5c                HAL_I2C_Master_Transmit
 .text.HAL_I2C_IsDeviceReady
                0x0000000008001e58      0x25c ./Drivers/STM32F1xx_HAL_Driver/Src/stm32f1xx_hal_i2c.o
                0x0000000008001e58                HAL_I2C_IsDeviceReady
 .text.I2C_MasterRequestWrite
                0x00000000080020b4      0x104 ./Drivers/STM32F1xx_HAL_Driver/Src/stm32f1xx_hal_i2c.o
 .text.I2C_WaitOnFlagUntilTimeout
                0x00000000080021b8       0xf4 ./Drivers/STM32F1xx_HAL_Driver/Src/stm32f1xx_hal_i2c.o
 .text.I2C_WaitOnMasterAddressFlagUntilTimeout
                0x00000000080022ac      0x140 ./Drivers/STM32F1xx_HAL_Driver/Src/stm32f1xx_hal_i2c.o
 .text.I2C_WaitOnTXEFlagUntilTimeout
                0x00000000080023ec       0x90 ./Drivers/STM32F1xx_HAL_Driver/Src/stm32f1xx_hal_i2c.o
 .text.I2C_WaitOnBTFFlagUntilTimeout
                0x000000000800247c       0x90 ./Drivers/STM32F1xx_HAL_Driver/Src/stm32f1xx_hal_i2c.o
 .text.I2C_IsAcknowledgeFailed
                0x000000000800250c       0x5c ./Drivers/STM32F1xx_HAL_Driver/Src/stm32f1xx_hal_i2c.o
 .text.HAL_RCC_OscConfig
                0x0000000008002568      0x504 ./Drivers/STM32F1xx_HAL_Driver/Src/stm32f1xx_hal_rcc.o
                0x0000000008002568                HAL_RCC_OscConfig
 .text.HAL_RCC_ClockConfig
                0x0000000008002a6c      0x1d4 ./Drivers/STM32F1xx_HAL_Driver/Src/stm32f1xx_hal_rcc.o
                0x0000000008002a6c                HAL_RCC_ClockConfig
 .text.HAL_RCC_GetSysClockFreq
                0x0000000008002c40       0xa8 ./Drivers/STM32F1xx_HAL_Driver/Src/stm32f1xx_hal_rcc.o
                0x0000000008002c40                HAL_RCC_GetSysClockFreq
 .text.HAL_RCC_GetHCLKFreq
                0x0000000008002ce8       0x14 ./Drivers/STM32F1xx_HAL_Driver/Src/stm32f1xx_hal_rcc.o
                0x0000000008002ce8                HAL_RCC_GetHCLKFreq
 .text.HAL_RCC_GetPCLK1Freq
                0x0000000008002cfc       0x28 ./Drivers/STM32F1xx_HAL_Driver/Src/stm32f1xx_hal_rcc.o
                0x0000000008002cfc                HAL_RCC_GetPCLK1Freq
 .text.RCC_Delay
                0x0000000008002d24       0x3c ./Drivers/STM32F1xx_HAL_Driver/Src/stm32f1xx_hal_rcc.o
 .text.HAL_SPI_Init
                0x0000000008002d60      0x108 ./Drivers/STM32F1xx_HAL_Driver/Src/stm32f1xx_hal_spi.o
                0x0000000008002d60                HAL_SPI_Init
 .text.HAL_SPI_TransmitReceive
                0x0000000008002e68      0x352 ./Drivers/STM32F1xx_HAL_Driver/Src/stm32f1xx_hal_spi.o
                0x0000000008002e68                HAL_SPI_TransmitReceive
 *fill*         0x00000000080031ba        0x2 
 .text.SPI_WaitFlagStateUntilTimeout
                0x00000000080031bc      0x110 ./Drivers/STM32F1xx_HAL_Driver/Src/stm32f1xx_hal_spi.o
 .text.SPI_EndRxTxTransaction
                0x00000000080032cc       0x62 ./Drivers/STM32F1xx_HAL_Driver/Src/stm32f1xx_hal_spi.o
 *fill*         0x000000000800332e        0x2 
 .text.__libc_init_array
                0x0000000008003330       0x48 c:/st/stm32cubeide_1.12.1/stm32cubeide/plugins/com.st.stm32cube.ide.mcu.externaltools.gnu-tools-for-stm32.10.3-2021.10.win32_1.0.200.202301161003/tools/bin/../lib/gcc/arm-none-eabi/10.3.1/../../../../arm-none-eabi/lib/thumb/v7-m/nofp\libc_nano.a(lib_a-init.o)
                0x0000000008003330                __libc_init_array
 .text.memset   0x0000000008003378       0x10 c:/st/stm32cubeide_1.12.1/stm32cubeide/plugins/com.st.stm32cube.ide.mcu.externaltools.gnu-tools-for-stm32.10.3-2021.10.win32_1.0.200.202301161003/tools/bin/../lib/gcc/arm-none-eabi/10.3.1/../../../../arm-none-eabi/lib/thumb/v7-m/nofp\libc_nano.a(lib_a-memset.o)
                0x0000000008003378                memset
 *(.glue_7)
 .glue_7        0x0000000008003388        0x0 linker stubs
 *(.glue_7t)
 .glue_7t       0x0000000008003388        0x0 linker stubs
 *(.eh_frame)
 .eh_frame      0x0000000008003388        0x0 c:/st/stm32cubeide_1.12.1/stm32cubeide/plugins/com.st.stm32cube.ide.mcu.externaltools.gnu-tools-for-stm32.10.3-2021.10.win32_1.0.200.202301161003/tools/bin/../lib/gcc/arm-none-eabi/10.3.1/thumb/v7-m/nofp/crtbegin.o
 *(.init)
 .init          0x0000000008003388        0x4 c:/st/stm32cubeide_1.12.1/stm32cubeide/plugins/com.st.stm32cube.ide.mcu.externaltools.gnu-tools-for-stm32.10.3-2021.10.win32_1.0.200.202301161003/tools/bin/../lib/gcc/arm-none-eabi/10.3.1/thumb/v7-m/nofp/crti.o
                0x0000000008003388                _init
 .init          0x000000000800338c        0x8 c:/st/stm32cubeide_1.12.1/stm32cubeide/plugins/com.st.stm32cube.ide.mcu.externaltools.gnu-tools-for-stm32.10.3-2021.10.win32_1.0.200.202301161003/tools/bin/../lib/gcc/arm-none-eabi/10.3.1/thumb/v7-m/nofp/crtn.o
 *(.fini)
 .fini          0x0000000008003394        0x4 c:/st/stm32cubeide_1.12.1/stm32cubeide/plugins/com.st.stm32cube.ide.mcu.externaltools.gnu-tools-for-stm32.10.3-2021.10.win32_1.0.200.202301161003/tools/bin/../lib/gcc/arm-none-eabi/10.3.1/thumb/v7-m/nofp/crti.o
                0x0000000008003394                _fini
 .fini          0x0000000008003398        0x8 c:/st/stm32cubeide_1.12.1/stm32cubeide/plugins/com.st.stm32cube.ide.mcu.externaltools.gnu-tools-for-stm32.10.3-2021.10.win32_1.0.200.202301161003/tools/bin/../lib/gcc/arm-none-eabi/10.3.1/thumb/v7-m/nofp/crtn.o
                0x00000000080033a0                . = ALIGN (0x4)
                0x00000000080033a0                _etext = .

.vfp11_veneer   0x00000000080033a0        0x0
 .vfp11_veneer  0x00000000080033a0        0x0 linker stubs

.v4_bx          0x00000000080033a0        0x0
 .v4_bx         0x00000000080033a0        0x0 linker stubs

.iplt           0x00000000080033a0        0x0
 .iplt          0x00000000080033a0        0x0 c:/st/stm32cubeide_1.12.1/stm32cubeide/plugins/com.st.stm32cube.ide.mcu.externaltools.gnu-tools-for-stm32.10.3-2021.10.win32_1.0.200.202301161003/tools/bin/../lib/gcc/arm-none-eabi/10.3.1/thumb/v7-m/nofp/crtbegin.o

.rodata         0x00000000080033a0      0xe24
                0x00000000080033a0                . = ALIGN (0x4)
 *(.rodata)
 .rodata        0x00000000080033a0       0x99 ./Core/Src/main.o
 *(.rodata*)
 *fill*         0x0000000008003439        0x3 
 .rodata.Font11x18
                0x000000000800343c      0xd5c ./Core/Src/fonts.o
                0x000000000800343c                Font11x18
 .rodata.AHBPrescTable
                0x0000000008004198       0x10 ./Core/Src/system_stm32f1xx.o
                0x0000000008004198                AHBPrescTable
 .rodata.APBPrescTable
                0x00000000080041a8        0x8 ./Core/Src/system_stm32f1xx.o
                0x00000000080041a8                APBPrescTable
 .rodata.aPLLMULFactorTable.1
                0x00000000080041b0       0x10 ./Drivers/STM32F1xx_HAL_Driver/Src/stm32f1xx_hal_rcc.o
 .rodata.aPredivFactorTable.0
                0x00000000080041c0        0x2 ./Drivers/STM32F1xx_HAL_Driver/Src/stm32f1xx_hal_rcc.o
                0x00000000080041c4                . = ALIGN (0x4)
 *fill*         0x00000000080041c2        0x2 

.rel.dyn        0x00000000080041c4        0x0
 .rel.iplt      0x00000000080041c4        0x0 c:/st/stm32cubeide_1.12.1/stm32cubeide/plugins/com.st.stm32cube.ide.mcu.externaltools.gnu-tools-for-stm32.10.3-2021.10.win32_1.0.200.202301161003/tools/bin/../lib/gcc/arm-none-eabi/10.3.1/thumb/v7-m/nofp/crtbegin.o

.ARM.extab      0x00000000080041c4        0x0
                0x00000000080041c4                . = ALIGN (0x4)
 *(.ARM.extab* .gnu.linkonce.armextab.*)
                0x00000000080041c4                . = ALIGN (0x4)

.ARM            0x00000000080041c4        0x0
                0x00000000080041c4                . = ALIGN (0x4)
                0x00000000080041c4                __exidx_start = .
 *(.ARM.exidx*)
                0x00000000080041c4                __exidx_end = .
                0x00000000080041c4                . = ALIGN (0x4)

.preinit_array  0x00000000080041c4        0x0
                0x00000000080041c4                . = ALIGN (0x4)
                0x00000000080041c4                PROVIDE (__preinit_array_start = .)
 *(.preinit_array*)
                0x00000000080041c4                PROVIDE (__preinit_array_end = .)
                0x00000000080041c4                . = ALIGN (0x4)

.init_array     0x00000000080041c4        0x4
                0x00000000080041c4                . = ALIGN (0x4)
                0x00000000080041c4                PROVIDE (__init_array_start = .)
 *(SORT_BY_NAME(.init_array.*))
 *(.init_array*)
 .init_array    0x00000000080041c4        0x4 c:/st/stm32cubeide_1.12.1/stm32cubeide/plugins/com.st.stm32cube.ide.mcu.externaltools.gnu-tools-for-stm32.10.3-2021.10.win32_1.0.200.202301161003/tools/bin/../lib/gcc/arm-none-eabi/10.3.1/thumb/v7-m/nofp/crtbegin.o
                0x00000000080041c8                PROVIDE (__init_array_end = .)
                0x00000000080041c8                . = ALIGN (0x4)

.fini_array     0x00000000080041c8        0x4
                0x00000000080041c8                . = ALIGN (0x4)
                [!provide]                        PROVIDE (__fini_array_start = .)
 *(SORT_BY_NAME(.fini_array.*))
 *(.fini_array*)
 .fini_array    0x00000000080041c8        0x4 c:/st/stm32cubeide_1.12.1/stm32cubeide/plugins/com.st.stm32cube.ide.mcu.externaltools.gnu-tools-for-stm32.10.3-2021.10.win32_1.0.200.202301161003/tools/bin/../lib/gcc/arm-none-eabi/10.3.1/thumb/v7-m/nofp/crtbegin.o
                [!provide]                        PROVIDE (__fini_array_end = .)
                0x00000000080041cc                . = ALIGN (0x4)
                0x00000000080041cc                _sidata = LOADADDR (.data)

.data           0x0000000020000000       0x14 load address 0x00000000080041cc
                0x0000000020000000                . = ALIGN (0x4)
                0x0000000020000000                _sdata = .
 *(.data)
 *(.data*)
 .data.Font_11x18
                0x0000000020000000        0x8 ./Core/Src/fonts.o
                0x0000000020000000                Font_11x18
 .data.SystemCoreClock
                0x0000000020000008        0x4 ./Core/Src/system_stm32f1xx.o
                0x0000000020000008                SystemCoreClock
 .data.uwTickPrio
                0x000000002000000c        0x4 ./Drivers/STM32F1xx_HAL_Driver/Src/stm32f1xx_hal.o
                0x000000002000000c                uwTickPrio
 .data.uwTickFreq
                0x0000000020000010        0x1 ./Drivers/STM32F1xx_HAL_Driver/Src/stm32f1xx_hal.o
                0x0000000020000010                uwTickFreq
 *(.RamFunc)
 *(.RamFunc*)
                0x0000000020000014                . = ALIGN (0x4)
 *fill*         0x0000000020000011        0x3 
                0x0000000020000014                _edata = .

.igot.plt       0x0000000020000014        0x0 load address 0x00000000080041e0
 .igot.plt      0x0000000020000014        0x0 c:/st/stm32cubeide_1.12.1/stm32cubeide/plugins/com.st.stm32cube.ide.mcu.externaltools.gnu-tools-for-stm32.10.3-2021.10.win32_1.0.200.202301161003/tools/bin/../lib/gcc/arm-none-eabi/10.3.1/thumb/v7-m/nofp/crtbegin.o
                0x0000000020000014                . = ALIGN (0x4)

.bss            0x0000000020000014      0x4f0 load address 0x00000000080041e0
                0x0000000020000014                _sbss = .
                0x0000000020000014                __bss_start__ = _sbss
 *(.bss)
 .bss           0x0000000020000014       0x1c c:/st/stm32cubeide_1.12.1/stm32cubeide/plugins/com.st.stm32cube.ide.mcu.externaltools.gnu-tools-for-stm32.10.3-2021.10.win32_1.0.200.202301161003/tools/bin/../lib/gcc/arm-none-eabi/10.3.1/thumb/v7-m/nofp/crtbegin.o
 *(.bss*)
 .bss.hi2c1     0x0000000020000030       0x54 ./Core/Src/main.o
                0x0000000020000030                hi2c1
 .bss.hspi1     0x0000000020000084       0x58 ./Core/Src/main.o
                0x0000000020000084                hspi1
 .bss.status    0x00000000200000dc        0x1 ./Core/Src/main.o
                0x00000000200000dc                status
 *fill*         0x00000000200000dd        0x3 
 .bss.str       0x00000000200000e0       0x10 ./Core/Src/main.o
                0x00000000200000e0                str
 .bss.sNum      0x00000000200000f0        0x5 ./Core/Src/main.o
                0x00000000200000f0                sNum
 *fill*         0x00000000200000f5        0x3 
 .bss.SSD1306_Buffer
                0x00000000200000f8      0x400 ./Core/Src/ssd1306.o
 .bss.SSD1306   0x00000000200004f8        0x6 ./Core/Src/ssd1306.o
 *fill*         0x00000000200004fe        0x2 
 .bss.uwTick    0x0000000020000500        0x4 ./Drivers/STM32F1xx_HAL_Driver/Src/stm32f1xx_hal.o
                0x0000000020000500                uwTick
 *(COMMON)
                0x0000000020000504                . = ALIGN (0x4)
                0x0000000020000504                _ebss = .
                0x0000000020000504                __bss_end__ = _ebss

._user_heap_stack
                0x0000000020000504      0x604 load address 0x00000000080041e0
                0x0000000020000508                . = ALIGN (0x8)
 *fill*         0x0000000020000504        0x4 
                [!provide]                        PROVIDE (end = .)
                0x0000000020000508                PROVIDE (_end = .)
                0x0000000020000708                . = (. + _Min_Heap_Size)
 *fill*         0x0000000020000508      0x200 
                0x0000000020000b08                . = (. + _Min_Stack_Size)
 *fill*         0x0000000020000708      0x400 
                0x0000000020000b08                . = ALIGN (0x8)

/DISCARD/
 libc.a(*)
 libm.a(*)
 libgcc.a(*)

.ARM.attributes
                0x0000000000000000       0x29
 *(.ARM.attributes)
 .ARM.attributes
                0x0000000000000000       0x1d c:/st/stm32cubeide_1.12.1/stm32cubeide/plugins/com.st.stm32cube.ide.mcu.externaltools.gnu-tools-for-stm32.10.3-2021.10.win32_1.0.200.202301161003/tools/bin/../lib/gcc/arm-none-eabi/10.3.1/thumb/v7-m/nofp/crti.o
 .ARM.attributes
                0x000000000000001d       0x2d c:/st/stm32cubeide_1.12.1/stm32cubeide/plugins/com.st.stm32cube.ide.mcu.externaltools.gnu-tools-for-stm32.10.3-2021.10.win32_1.0.200.202301161003/tools/bin/../lib/gcc/arm-none-eabi/10.3.1/thumb/v7-m/nofp/crtbegin.o
 .ARM.attributes
                0x000000000000004a       0x2d ./Core/Src/fonts.o
 .ARM.attributes
                0x0000000000000077       0x2d ./Core/Src/main.o
 .ARM.attributes
                0x00000000000000a4       0x2d ./Core/Src/rc522.o
 .ARM.attributes
                0x00000000000000d1       0x2d ./Core/Src/ssd1306.o
 .ARM.attributes
                0x00000000000000fe       0x2d ./Core/Src/stm32f1xx_hal_msp.o
 .ARM.attributes
                0x000000000000012b       0x2d ./Core/Src/stm32f1xx_it.o
 .ARM.attributes
                0x0000000000000158       0x2d ./Core/Src/system_stm32f1xx.o
 .ARM.attributes
                0x0000000000000185       0x21 ./Core/Startup/startup_stm32f103c6tx.o
 .ARM.attributes
                0x00000000000001a6       0x2d ./Drivers/STM32F1xx_HAL_Driver/Src/stm32f1xx_hal.o
 .ARM.attributes
                0x00000000000001d3       0x2d ./Drivers/STM32F1xx_HAL_Driver/Src/stm32f1xx_hal_cortex.o
 .ARM.attributes
                0x0000000000000200       0x2d ./Drivers/STM32F1xx_HAL_Driver/Src/stm32f1xx_hal_gpio.o
 .ARM.attributes
                0x000000000000022d       0x2d ./Drivers/STM32F1xx_HAL_Driver/Src/stm32f1xx_hal_i2c.o
 .ARM.attributes
                0x000000000000025a       0x2d ./Drivers/STM32F1xx_HAL_Driver/Src/stm32f1xx_hal_rcc.o
 .ARM.attributes
                0x0000000000000287       0x2d ./Drivers/STM32F1xx_HAL_Driver/Src/stm32f1xx_hal_spi.o
 .ARM.attributes
                0x00000000000002b4       0x2d c:/st/stm32cubeide_1.12.1/stm32cubeide/plugins/com.st.stm32cube.ide.mcu.externaltools.gnu-tools-for-stm32.10.3-2021.10.win32_1.0.200.202301161003/tools/bin/../lib/gcc/arm-none-eabi/10.3.1/../../../../arm-none-eabi/lib/thumb/v7-m/nofp\libc_nano.a(lib_a-init.o)
 .ARM.attributes
                0x00000000000002e1       0x2d c:/st/stm32cubeide_1.12.1/stm32cubeide/plugins/com.st.stm32cube.ide.mcu.externaltools.gnu-tools-for-stm32.10.3-2021.10.win32_1.0.200.202301161003/tools/bin/../lib/gcc/arm-none-eabi/10.3.1/../../../../arm-none-eabi/lib/thumb/v7-m/nofp\libc_nano.a(lib_a-memset.o)
 .ARM.attributes
                0x000000000000030e       0x1b c:/st/stm32cubeide_1.12.1/stm32cubeide/plugins/com.st.stm32cube.ide.mcu.externaltools.gnu-tools-for-stm32.10.3-2021.10.win32_1.0.200.202301161003/tools/bin/../lib/gcc/arm-none-eabi/10.3.1/../../../../arm-none-eabi/lib/thumb/v7-m/nofp\libc_nano.a(lib_a-strcmp.o)
 .ARM.attributes
                0x0000000000000329       0x1d c:/st/stm32cubeide_1.12.1/stm32cubeide/plugins/com.st.stm32cube.ide.mcu.externaltools.gnu-tools-for-stm32.10.3-2021.10.win32_1.0.200.202301161003/tools/bin/../lib/gcc/arm-none-eabi/10.3.1/thumb/v7-m/nofp/crtn.o
OUTPUT(Locker_allotment_project.elf elf32-littlearm)
LOAD linker stubs
LOAD c:/st/stm32cubeide_1.12.1/stm32cubeide/plugins/com.st.stm32cube.ide.mcu.externaltools.gnu-tools-for-stm32.10.3-2021.10.win32_1.0.200.202301161003/tools/bin/../lib/gcc/arm-none-eabi/10.3.1/../../../../arm-none-eabi/lib/thumb/v7-m/nofp\libc.a
LOAD c:/st/stm32cubeide_1.12.1/stm32cubeide/plugins/com.st.stm32cube.ide.mcu.externaltools.gnu-tools-for-stm32.10.3-2021.10.win32_1.0.200.202301161003/tools/bin/../lib/gcc/arm-none-eabi/10.3.1/../../../../arm-none-eabi/lib/thumb/v7-m/nofp\libm.a
LOAD c:/st/stm32cubeide_1.12.1/stm32cubeide/plugins/com.st.stm32cube.ide.mcu.externaltools.gnu-tools-for-stm32.10.3-2021.10.win32_1.0.200.202301161003/tools/bin/../lib/gcc/arm-none-eabi/10.3.1/thumb/v7-m/nofp\libgcc.a

.debug_info     0x0000000000000000     0x9c02
 .debug_info    0x0000000000000000      0x27a ./Core/Src/fonts.o
 .debug_info    0x000000000000027a      0xf3b ./Core/Src/main.o
 .debug_info    0x00000000000011b5      0xc78 ./Core/Src/rc522.o
 .debug_info    0x0000000000001e2d     0x1111 ./Core/Src/ssd1306.o
 .debug_info    0x0000000000002f3e      0xbd2 ./Core/Src/stm32f1xx_hal_msp.o
 .debug_info    0x0000000000003b10      0x122 ./Core/Src/stm32f1xx_it.o
 .debug_info    0x0000000000003c32      0x23d ./Core/Src/system_stm32f1xx.o
 .debug_info    0x0000000000003e6f       0x22 ./Core/Startup/startup_stm32f103c6tx.o
 .debug_info    0x0000000000003e91      0x716 ./Drivers/STM32F1xx_HAL_Driver/Src/stm32f1xx_hal.o
 .debug_info    0x00000000000045a7      0xb02 ./Drivers/STM32F1xx_HAL_Driver/Src/stm32f1xx_hal_cortex.o
 .debug_info    0x00000000000050a9      0x615 ./Drivers/STM32F1xx_HAL_Driver/Src/stm32f1xx_hal_gpio.o
 .debug_info    0x00000000000056be     0x2771 ./Drivers/STM32F1xx_HAL_Driver/Src/stm32f1xx_hal_i2c.o
 .debug_info    0x0000000000007e2f      0x865 ./Drivers/STM32F1xx_HAL_Driver/Src/stm32f1xx_hal_rcc.o
 .debug_info    0x0000000000008694     0x156e ./Drivers/STM32F1xx_HAL_Driver/Src/stm32f1xx_hal_spi.o

.debug_abbrev   0x0000000000000000     0x1ab7
 .debug_abbrev  0x0000000000000000      0x111 ./Core/Src/fonts.o
 .debug_abbrev  0x0000000000000111      0x2e0 ./Core/Src/main.o
 .debug_abbrev  0x00000000000003f1      0x28b ./Core/Src/rc522.o
 .debug_abbrev  0x000000000000067c      0x2a6 ./Core/Src/ssd1306.o
 .debug_abbrev  0x0000000000000922      0x19b ./Core/Src/stm32f1xx_hal_msp.o
 .debug_abbrev  0x0000000000000abd       0x74 ./Core/Src/stm32f1xx_it.o
 .debug_abbrev  0x0000000000000b31      0x13b ./Core/Src/system_stm32f1xx.o
 .debug_abbrev  0x0000000000000c6c       0x12 ./Core/Startup/startup_stm32f103c6tx.o
 .debug_abbrev  0x0000000000000c7e      0x1fb ./Drivers/STM32F1xx_HAL_Driver/Src/stm32f1xx_hal.o
 .debug_abbrev  0x0000000000000e79      0x2ed ./Drivers/STM32F1xx_HAL_Driver/Src/stm32f1xx_hal_cortex.o
 .debug_abbrev  0x0000000000001166      0x1bb ./Drivers/STM32F1xx_HAL_Driver/Src/stm32f1xx_hal_gpio.o
 .debug_abbrev  0x0000000000001321      0x288 ./Drivers/STM32F1xx_HAL_Driver/Src/stm32f1xx_hal_i2c.o
 .debug_abbrev  0x00000000000015a9      0x2a8 ./Drivers/STM32F1xx_HAL_Driver/Src/stm32f1xx_hal_rcc.o
 .debug_abbrev  0x0000000000001851      0x266 ./Drivers/STM32F1xx_HAL_Driver/Src/stm32f1xx_hal_spi.o

.debug_aranges  0x0000000000000000      0xa38
 .debug_aranges
                0x0000000000000000       0x20 ./Core/Src/fonts.o
 .debug_aranges
                0x0000000000000020       0x48 ./Core/Src/main.o
 .debug_aranges
                0x0000000000000068       0xa8 ./Core/Src/rc522.o
 .debug_aranges
                0x0000000000000110       0xf8 ./Core/Src/ssd1306.o
 .debug_aranges
                0x0000000000000208       0x40 ./Core/Src/stm32f1xx_hal_msp.o
 .debug_aranges
                0x0000000000000248       0x60 ./Core/Src/stm32f1xx_it.o
 .debug_aranges
                0x00000000000002a8       0x28 ./Core/Src/system_stm32f1xx.o
 .debug_aranges
                0x00000000000002d0       0x28 ./Core/Startup/startup_stm32f103c6tx.o
 .debug_aranges
                0x00000000000002f8       0xe0 ./Drivers/STM32F1xx_HAL_Driver/Src/stm32f1xx_hal.o
 .debug_aranges
                0x00000000000003d8      0x100 ./Drivers/STM32F1xx_HAL_Driver/Src/stm32f1xx_hal_cortex.o
 .debug_aranges
                0x00000000000004d8       0x58 ./Drivers/STM32F1xx_HAL_Driver/Src/stm32f1xx_hal_gpio.o
 .debug_aranges
                0x0000000000000530      0x2a8 ./Drivers/STM32F1xx_HAL_Driver/Src/stm32f1xx_hal_i2c.o
 .debug_aranges
                0x00000000000007d8       0x90 ./Drivers/STM32F1xx_HAL_Driver/Src/stm32f1xx_hal_rcc.o
 .debug_aranges
                0x0000000000000868      0x1d0 ./Drivers/STM32F1xx_HAL_Driver/Src/stm32f1xx_hal_spi.o

.debug_ranges   0x0000000000000000      0x978
 .debug_ranges  0x0000000000000000       0x10 ./Core/Src/fonts.o
 .debug_ranges  0x0000000000000010       0x38 ./Core/Src/main.o
 .debug_ranges  0x0000000000000048       0x98 ./Core/Src/rc522.o
 .debug_ranges  0x00000000000000e0       0xe8 ./Core/Src/ssd1306.o
 .debug_ranges  0x00000000000001c8       0x30 ./Core/Src/stm32f1xx_hal_msp.o
 .debug_ranges  0x00000000000001f8       0x50 ./Core/Src/stm32f1xx_it.o
 .debug_ranges  0x0000000000000248       0x18 ./Core/Src/system_stm32f1xx.o
 .debug_ranges  0x0000000000000260       0x20 ./Core/Startup/startup_stm32f103c6tx.o
 .debug_ranges  0x0000000000000280       0xd0 ./Drivers/STM32F1xx_HAL_Driver/Src/stm32f1xx_hal.o
 .debug_ranges  0x0000000000000350       0xf0 ./Drivers/STM32F1xx_HAL_Driver/Src/stm32f1xx_hal_cortex.o
 .debug_ranges  0x0000000000000440       0x48 ./Drivers/STM32F1xx_HAL_Driver/Src/stm32f1xx_hal_gpio.o
 .debug_ranges  0x0000000000000488      0x2b0 ./Drivers/STM32F1xx_HAL_Driver/Src/stm32f1xx_hal_i2c.o
 .debug_ranges  0x0000000000000738       0x80 ./Drivers/STM32F1xx_HAL_Driver/Src/stm32f1xx_hal_rcc.o
 .debug_ranges  0x00000000000007b8      0x1c0 ./Drivers/STM32F1xx_HAL_Driver/Src/stm32f1xx_hal_spi.o

.debug_macro    0x0000000000000000    0x174b0
 .debug_macro   0x0000000000000000      0x27d ./Core/Src/fonts.o
 .debug_macro   0x000000000000027d      0xa6c ./Core/Src/fonts.o
 .debug_macro   0x0000000000000ce9      0x21b ./Core/Src/fonts.o
 .debug_macro   0x0000000000000f04       0x2e ./Core/Src/fonts.o
 .debug_macro   0x0000000000000f32       0x22 ./Core/Src/fonts.o
 .debug_macro   0x0000000000000f54       0x22 ./Core/Src/fonts.o
 .debug_macro   0x0000000000000f76       0x8e ./Core/Src/fonts.o
 .debug_macro   0x0000000000001004       0x51 ./Core/Src/fonts.o
 .debug_macro   0x0000000000001055      0x103 ./Core/Src/fonts.o
 .debug_macro   0x0000000000001158       0x6a ./Core/Src/fonts.o
 .debug_macro   0x00000000000011c2      0x1df ./Core/Src/fonts.o
 .debug_macro   0x00000000000013a1       0x1c ./Core/Src/fonts.o
 .debug_macro   0x00000000000013bd       0x22 ./Core/Src/fonts.o
 .debug_macro   0x00000000000013df       0xbd ./Core/Src/fonts.o
 .debug_macro   0x000000000000149c      0xd23 ./Core/Src/fonts.o
 .debug_macro   0x00000000000021bf     0xde75 ./Core/Src/fonts.o
 .debug_macro   0x0000000000010034       0x6d ./Core/Src/fonts.o
 .debug_macro   0x00000000000100a1     0x34a2 ./Core/Src/fonts.o
 .debug_macro   0x0000000000013543      0x174 ./Core/Src/fonts.o
 .debug_macro   0x00000000000136b7       0x5c ./Core/Src/fonts.o
 .debug_macro   0x0000000000013713      0x5bc ./Core/Src/fonts.o
 .debug_macro   0x0000000000013ccf      0x1b7 ./Core/Src/fonts.o
 .debug_macro   0x0000000000013e86      0x1cb ./Core/Src/fonts.o
 .debug_macro   0x0000000000014051      0x114 ./Core/Src/fonts.o
 .debug_macro   0x0000000000014165      0x1b2 ./Core/Src/fonts.o
 .debug_macro   0x0000000000014317       0x27 ./Core/Src/fonts.o
 .debug_macro   0x000000000001433e      0x12f ./Core/Src/fonts.o
 .debug_macro   0x000000000001446d      0x1bc ./Core/Src/fonts.o
 .debug_macro   0x0000000000014629       0x34 ./Core/Src/fonts.o
 .debug_macro   0x000000000001465d       0x3c ./Core/Src/fonts.o
 .debug_macro   0x0000000000014699       0x57 ./Core/Src/fonts.o
 .debug_macro   0x00000000000146f0       0x87 ./Core/Src/fonts.o
 .debug_macro   0x0000000000014777      0x183 ./Core/Src/fonts.o
 .debug_macro   0x00000000000148fa      0x287 ./Core/Src/fonts.o
 .debug_macro   0x0000000000014b81      0x140 ./Core/Src/fonts.o
 .debug_macro   0x0000000000014cc1      0x217 ./Core/Src/fonts.o
 .debug_macro   0x0000000000014ed8       0x69 ./Core/Src/fonts.o
 .debug_macro   0x0000000000014f41       0x34 ./Core/Src/fonts.o
 .debug_macro   0x0000000000014f75       0x52 ./Core/Src/fonts.o
 .debug_macro   0x0000000000014fc7       0x18 ./Core/Src/fonts.o
 .debug_macro   0x0000000000014fdf       0x3c ./Core/Src/fonts.o
 .debug_macro   0x000000000001501b       0x34 ./Core/Src/fonts.o
 .debug_macro   0x000000000001504f       0x16 ./Core/Src/fonts.o
 .debug_macro   0x0000000000015065       0x43 ./Core/Src/fonts.o
 .debug_macro   0x00000000000150a8       0x34 ./Core/Src/fonts.o
 .debug_macro   0x00000000000150dc       0x10 ./Core/Src/fonts.o
 .debug_macro   0x00000000000150ec       0x58 ./Core/Src/fonts.o
 .debug_macro   0x0000000000015144       0x71 ./Core/Src/fonts.o
 .debug_macro   0x00000000000151b5       0x1c ./Core/Src/fonts.o
 .debug_macro   0x00000000000151d1      0x12a ./Core/Src/fonts.o
 .debug_macro   0x00000000000152fb      0x341 ./Core/Src/fonts.o
 .debug_macro   0x000000000001563c       0x10 ./Core/Src/fonts.o
 .debug_macro   0x000000000001564c       0x35 ./Core/Src/fonts.o
 .debug_macro   0x0000000000015681       0x20 ./Core/Src/fonts.o
 .debug_macro   0x00000000000156a1      0x39c ./Core/Src/main.o
 .debug_macro   0x0000000000015a3d      0x238 ./Core/Src/main.o
 .debug_macro   0x0000000000015c75       0x16 ./Core/Src/main.o
 .debug_macro   0x0000000000015c8b       0x16 ./Core/Src/main.o
 .debug_macro   0x0000000000015ca1       0x29 ./Core/Src/main.o
 .debug_macro   0x0000000000015cca       0x53 ./Core/Src/main.o
 .debug_macro   0x0000000000015d1d       0x1c ./Core/Src/main.o
 .debug_macro   0x0000000000015d39       0x10 ./Core/Src/main.o
 .debug_macro   0x0000000000015d49       0x10 ./Core/Src/main.o
 .debug_macro   0x0000000000015d59       0x1c ./Core/Src/main.o
 .debug_macro   0x0000000000015d75       0x52 ./Core/Src/main.o
 .debug_macro   0x0000000000015dc7       0x22 ./Core/Src/main.o
 .debug_macro   0x0000000000015de9       0x10 ./Core/Src/main.o
 .debug_macro   0x0000000000015df9       0x52 ./Core/Src/main.o
 .debug_macro   0x0000000000015e4b       0xd5 ./Core/Src/main.o
 .debug_macro   0x0000000000015f20       0x1c ./Core/Src/main.o
 .debug_macro   0x0000000000015f3c       0x3d ./Core/Src/main.o
 .debug_macro   0x0000000000015f79       0x16 ./Core/Src/main.o
 .debug_macro   0x0000000000015f8f      0x145 ./Core/Src/main.o
 .debug_macro   0x00000000000160d4      0x19f ./Core/Src/rc522.o
 .debug_macro   0x0000000000016273      0x2d8 ./Core/Src/ssd1306.o
 .debug_macro   0x000000000001654b      0x1a5 ./Core/Src/stm32f1xx_hal_msp.o
 .debug_macro   0x00000000000166f0      0x1af ./Core/Src/stm32f1xx_it.o
 .debug_macro   0x000000000001689f      0x196 ./Core/Src/system_stm32f1xx.o
 .debug_macro   0x0000000000016a35      0x1ba ./Drivers/STM32F1xx_HAL_Driver/Src/stm32f1xx_hal.o
 .debug_macro   0x0000000000016bef      0x196 ./Drivers/STM32F1xx_HAL_Driver/Src/stm32f1xx_hal_cortex.o
 .debug_macro   0x0000000000016d85      0x201 ./Drivers/STM32F1xx_HAL_Driver/Src/stm32f1xx_hal_gpio.o
 .debug_macro   0x0000000000016f86      0x1e4 ./Drivers/STM32F1xx_HAL_Driver/Src/stm32f1xx_hal_i2c.o
 .debug_macro   0x000000000001716a      0x1a8 ./Drivers/STM32F1xx_HAL_Driver/Src/stm32f1xx_hal_rcc.o
 .debug_macro   0x0000000000017312      0x19e ./Drivers/STM32F1xx_HAL_Driver/Src/stm32f1xx_hal_spi.o

.debug_line     0x0000000000000000     0xc468
 .debug_line    0x0000000000000000      0x7ce ./Core/Src/fonts.o
 .debug_line    0x00000000000007ce      0xaef ./Core/Src/main.o
 .debug_line    0x00000000000012bd      0xb4b ./Core/Src/rc522.o
 .debug_line    0x0000000000001e08      0xfa2 ./Core/Src/ssd1306.o
 .debug_line    0x0000000000002daa      0x6fd ./Core/Src/stm32f1xx_hal_msp.o
 .debug_line    0x00000000000034a7      0x721 ./Core/Src/stm32f1xx_it.o
 .debug_line    0x0000000000003bc8      0x6dd ./Core/Src/system_stm32f1xx.o
 .debug_line    0x00000000000042a5       0x86 ./Core/Startup/startup_stm32f103c6tx.o
 .debug_line    0x000000000000432b      0x90a ./Drivers/STM32F1xx_HAL_Driver/Src/stm32f1xx_hal.o
 .debug_line    0x0000000000004c35      0xaf2 ./Drivers/STM32F1xx_HAL_Driver/Src/stm32f1xx_hal_cortex.o
 .debug_line    0x0000000000005727      0x98e ./Drivers/STM32F1xx_HAL_Driver/Src/stm32f1xx_hal_gpio.o
 .debug_line    0x00000000000060b5     0x3aa0 ./Drivers/STM32F1xx_HAL_Driver/Src/stm32f1xx_hal_i2c.o
 .debug_line    0x0000000000009b55      0xd16 ./Drivers/STM32F1xx_HAL_Driver/Src/stm32f1xx_hal_rcc.o
 .debug_line    0x000000000000a86b     0x1bfd ./Drivers/STM32F1xx_HAL_Driver/Src/stm32f1xx_hal_spi.o

.debug_str      0x0000000000000000    0x8290d
 .debug_str     0x0000000000000000    0x7e194 ./Core/Src/fonts.o
                                      0x7e4f0 (size before relaxing)
 .debug_str     0x000000000007e194     0x2192 ./Core/Src/main.o
                                      0x806c0 (size before relaxing)
 .debug_str     0x0000000000080326      0x1e1 ./Core/Src/rc522.o
                                      0x7c1ed (size before relaxing)
 .debug_str     0x0000000000080507      0x3a1 ./Core/Src/ssd1306.o
                                      0x7efd0 (size before relaxing)
 .debug_str     0x00000000000808a8       0xb8 ./Core/Src/stm32f1xx_hal_msp.o
                                      0x7bd8a (size before relaxing)
 .debug_str     0x0000000000080960       0xc9 ./Core/Src/stm32f1xx_it.o
                                      0x7b6ac (size before relaxing)
 .debug_str     0x0000000000080a29       0x7e ./Core/Src/system_stm32f1xx.o
                                      0x7b60a (size before relaxing)
 .debug_str     0x0000000000080aa7       0x36 ./Core/Startup/startup_stm32f103c6tx.o
                                         0x95 (size before relaxing)
 .debug_str     0x0000000000080add      0x5c3 ./Drivers/STM32F1xx_HAL_Driver/Src/stm32f1xx_hal.o
                                      0x7bd03 (size before relaxing)
 .debug_str     0x00000000000810a0      0x2bb ./Drivers/STM32F1xx_HAL_Driver/Src/stm32f1xx_hal_cortex.o
                                      0x7bc4f (size before relaxing)
 .debug_str     0x000000000008135b      0x2e6 ./Drivers/STM32F1xx_HAL_Driver/Src/stm32f1xx_hal_gpio.o
                                      0x7b990 (size before relaxing)
 .debug_str     0x0000000000081641      0xbac ./Drivers/STM32F1xx_HAL_Driver/Src/stm32f1xx_hal_i2c.o
                                      0x7c6d1 (size before relaxing)
 .debug_str     0x00000000000821ed      0x209 ./Drivers/STM32F1xx_HAL_Driver/Src/stm32f1xx_hal_rcc.o
                                      0x7ba39 (size before relaxing)
 .debug_str     0x00000000000823f6      0x517 ./Drivers/STM32F1xx_HAL_Driver/Src/stm32f1xx_hal_spi.o
                                      0x7bf30 (size before relaxing)

.comment        0x0000000000000000       0x50
 .comment       0x0000000000000000       0x50 ./Core/Src/fonts.o
                                         0x51 (size before relaxing)
 .comment       0x0000000000000050       0x51 ./Core/Src/main.o
 .comment       0x0000000000000050       0x51 ./Core/Src/rc522.o
 .comment       0x0000000000000050       0x51 ./Core/Src/ssd1306.o
 .comment       0x0000000000000050       0x51 ./Core/Src/stm32f1xx_hal_msp.o
 .comment       0x0000000000000050       0x51 ./Core/Src/stm32f1xx_it.o
 .comment       0x0000000000000050       0x51 ./Core/Src/system_stm32f1xx.o
 .comment       0x0000000000000050       0x51 ./Drivers/STM32F1xx_HAL_Driver/Src/stm32f1xx_hal.o
 .comment       0x0000000000000050       0x51 ./Drivers/STM32F1xx_HAL_Driver/Src/stm32f1xx_hal_cortex.o
 .comment       0x0000000000000050       0x51 ./Drivers/STM32F1xx_HAL_Driver/Src/stm32f1xx_hal_gpio.o
 .comment       0x0000000000000050       0x51 ./Drivers/STM32F1xx_HAL_Driver/Src/stm32f1xx_hal_i2c.o
 .comment       0x0000000000000050       0x51 ./Drivers/STM32F1xx_HAL_Driver/Src/stm32f1xx_hal_rcc.o
 .comment       0x0000000000000050       0x51 ./Drivers/STM32F1xx_HAL_Driver/Src/stm32f1xx_hal_spi.o

.debug_frame    0x0000000000000000     0x2990
 .debug_frame   0x0000000000000000       0x38 ./Core/Src/fonts.o
 .debug_frame   0x0000000000000038       0xc4 ./Core/Src/main.o
 .debug_frame   0x00000000000000fc      0x288 ./Core/Src/rc522.o
 .debug_frame   0x0000000000000384      0x414 ./Core/Src/ssd1306.o
 .debug_frame   0x0000000000000798       0xc8 ./Core/Src/stm32f1xx_hal_msp.o
 .debug_frame   0x0000000000000860      0x104 ./Core/Src/stm32f1xx_it.o
 .debug_frame   0x0000000000000964       0x58 ./Core/Src/system_stm32f1xx.o
 .debug_frame   0x00000000000009bc      0x334 ./Drivers/STM32F1xx_HAL_Driver/Src/stm32f1xx_hal.o
 .debug_frame   0x0000000000000cf0      0x428 ./Drivers/STM32F1xx_HAL_Driver/Src/stm32f1xx_hal_cortex.o
 .debug_frame   0x0000000000001118      0x14c ./Drivers/STM32F1xx_HAL_Driver/Src/stm32f1xx_hal_gpio.o
 .debug_frame   0x0000000000001264      0xc84 ./Drivers/STM32F1xx_HAL_Driver/Src/stm32f1xx_hal_i2c.o
 .debug_frame   0x0000000000001ee8      0x218 ./Drivers/STM32F1xx_HAL_Driver/Src/stm32f1xx_hal_rcc.o
 .debug_frame   0x0000000000002100      0x824 ./Drivers/STM32F1xx_HAL_Driver/Src/stm32f1xx_hal_spi.o
 .debug_frame   0x0000000000002924       0x2c c:/st/stm32cubeide_1.12.1/stm32cubeide/plugins/com.st.stm32cube.ide.mcu.externaltools.gnu-tools-for-stm32.10.3-2021.10.win32_1.0.200.202301161003/tools/bin/../lib/gcc/arm-none-eabi/10.3.1/../../../../arm-none-eabi/lib/thumb/v7-m/nofp\libc_nano.a(lib_a-init.o)
 .debug_frame   0x0000000000002950       0x20 c:/st/stm32cubeide_1.12.1/stm32cubeide/plugins/com.st.stm32cube.ide.mcu.externaltools.gnu-tools-for-stm32.10.3-2021.10.win32_1.0.200.202301161003/tools/bin/../lib/gcc/arm-none-eabi/10.3.1/../../../../arm-none-eabi/lib/thumb/v7-m/nofp\libc_nano.a(lib_a-memset.o)
 .debug_frame   0x0000000000002970       0x20 c:/st/stm32cubeide_1.12.1/stm32cubeide/plugins/com.st.stm32cube.ide.mcu.externaltools.gnu-tools-for-stm32.10.3-2021.10.win32_1.0.200.202301161003/tools/bin/../lib/gcc/arm-none-eabi/10.3.1/../../../../arm-none-eabi/lib/thumb/v7-m/nofp\libc_nano.a(lib_a-strcmp.o)
