../Core/Src/main.c:71:6:HAL_UARTEx_RxEventCallback	16	static
../Core/Src/main.c:86:6:in	16	static
../Core/Src/main.c:104:5:main	8	static
../Core/Src/main.c:159:6:SystemClock_Config	88	static
../Core/Src/main.c:201:13:MX_I2C1_Init	8	static
../Core/Src/main.c:235:13:MX_UART4_Init	8	static
../Core/Src/main.c:268:13:MX_USART6_UART_Init	8	static
../Core/Src/main.c:299:13:MX_DMA_Init	16	static
../Core/Src/main.c:321:13:MX_GPIO_Init	48	static
../Core/Src/main.c:361:1:__io_putchar	16	static
../Core/Src/main.c:374:6:Error_Handler	4	static,ignoring_inline_asm
