../Drivers/OLED/oled.c:60:6:SSD1306_ScrollRight	16	static
../Drivers/OLED/oled.c:73:6:SSD1306_ScrollLeft	16	static
../Drivers/OLED/oled.c:86:6:SSD1306_Scrolldiagright	16	static
../Drivers/OLED/oled.c:102:6:SSD1306_Scrolldiagleft	16	static
../Drivers/OLED/oled.c:118:6:SSD1306_Stopscroll	8	static
../Drivers/OLED/oled.c:125:6:SSD1306_InvertDisplay	16	static
../Drivers/OLED/oled.c:134:6:SSD1306_DrawBitmap	32	static
../Drivers/OLED/oled.c:164:9:SSD1306_Init	16	static
../Drivers/OLED/oled.c:227:6:SSD1306_UpdateScreen	16	static
../Drivers/OLED/oled.c:240:6:SSD1306_ToggleInvert	16	static
../Drivers/OLED/oled.c:252:6:SSD1306_Fill	16	static
../Drivers/OLED/oled.c:257:6:SSD1306_DrawPixel	16	static
../Drivers/OLED/oled.c:279:6:SSD1306_GotoXY	16	static
../Drivers/OLED/oled.c:285:6:SSD1306_Putc	32	static
../Drivers/OLED/oled.c:316:6:SSD1306_Puts	24	static
../Drivers/OLED/oled.c:334:6:SSD1306_DrawLine	40	static
../Drivers/OLED/oled.c:418:6:SSD1306_DrawRectangle	32	static
../Drivers/OLED/oled.c:443:6:SSD1306_DrawFilledRectangle	40	static
../Drivers/OLED/oled.c:470:6:SSD1306_DrawTriangle	32	static
../Drivers/OLED/oled.c:478:6:SSD1306_DrawFilledTriangle	64	static
../Drivers/OLED/oled.c:534:6:SSD1306_DrawCircle	40	static
../Drivers/OLED/oled.c:568:6:SSD1306_DrawFilledCircle	48	static
../Drivers/OLED/oled.c:601:6:SSD1306_Clear	8	static
../Drivers/OLED/oled.c:606:6:SSD1306_ON	8	static
../Drivers/OLED/oled.c:611:6:SSD1306_OFF	8	static
../Drivers/OLED/oled.c:618:6:ssd1306_I2C_Init	16	static
../Drivers/OLED/oled.c:627:6:ssd1306_I2C_WriteMulti	288	static
../Drivers/OLED/oled.c:635:6:ssd1306_I2C_Write	16	static
